MemTotal:       527697344 kB
MemFree:        368970228 kB
MemAvailable:   367419656 kB
Buffers:            5244 kB
Cached:          1372372 kB
SwapCached:            0 kB
Active:           646480 kB
Inactive:        1140988 kB
Active(anon):       1492 kB
Inactive(anon):   434628 kB
Active(file):     644988 kB
Inactive(file):   706360 kB
Unevictable:           0 kB
Mlocked:               0 kB
SwapTotal:             0 kB
SwapFree:              0 kB
Dirty:                 0 kB
Writeback:             0 kB
AnonPages:        409868 kB
Mapped:           243200 kB
Shmem:             26268 kB
KReclaimable:     704784 kB
Slab:            9672012 kB
SReclaimable:     704784 kB
SUnreclaim:      8967228 kB
KernelStack:       30688 kB
PageTables:        14544 kB
NFS_Unstable:          0 kB
Bounce:                0 kB
WritebackTmp:          0 kB
CommitLimit:    263848672 kB
Committed_AS:    5491944 kB
VmallocTotal:   34359738367 kB
VmallocUsed:     7544812 kB
VmallocChunk:          0 kB
Percpu:           200704 kB
AnonHugePages:         0 kB
ShmemHugePages:        0 kB
ShmemPmdMapped:        0 kB
FileHugePages:         0 kB
FilePmdMapped:         0 kB
CmaTotal:              0 kB
CmaFree:               0 kB
HugePages_Total:       0
HugePages_Free:        0
HugePages_Rsvd:        0
HugePages_Surp:        0
Hugepagesize:       2048 kB
Hugetlb:               0 kB
DirectMap4k:    18636016 kB
DirectMap2M:    237733888 kB
DirectMap1G:    279969792 kB
