Linux version 5.10.81 (nixbld@localhost) (gcc (GCC) 10.3.0, GNU ld (GNU Binutils) 2.35.2) #1-NixOS SMP Sun Nov 21 12:46:37 UTC 2021
Command line: initrd=\efi\nixos\45vjnkggb2lwa18xr652bzq56j93hqxz-initrd-linux-5.10.81-initrd.efi init=/nix/store/gcadgicjpq5x7nr8rarvwmwwr4i3nzjq-nixos-system-ryan-21.11.20211205.b1fa84f/init console=ttyS1,115200 console=tty1 panic=1 boot.panic_on_fail loglevel=4
x86/fpu: Supporting XSAVE feature 0x001: 'x87 floating point registers'
x86/fpu: Supporting XSAVE feature 0x002: 'SSE registers'
x86/fpu: Supporting XSAVE feature 0x004: 'AVX registers'
x86/fpu: Supporting XSAVE feature 0x200: 'Protection Keys User registers'
x86/fpu: xstate_offset[2]:  576, xstate_sizes[2]:  256
x86/fpu: xstate_offset[9]:  832, xstate_sizes[9]:    8
x86/fpu: Enabled xstate features 0x207, context size is 840 bytes, using 'compacted' format.
BIOS-provided physical RAM map:
BIOS-e820: [mem 0x0000000000000000-0x000000000008efff] usable
BIOS-e820: [mem 0x000000000008f000-0x000000000008ffff] ACPI NVS
BIOS-e820: [mem 0x0000000000090000-0x000000000009ffff] usable
BIOS-e820: [mem 0x0000000000100000-0x000000004d769fff] usable
BIOS-e820: [mem 0x000000004d76a000-0x0000000055772fff] reserved
BIOS-e820: [mem 0x0000000055773000-0x000000005a15ffff] usable
BIOS-e820: [mem 0x000000005a160000-0x000000005a1dffff] reserved
BIOS-e820: [mem 0x000000005a1e0000-0x0000000067acefff] usable
BIOS-e820: [mem 0x0000000067acf000-0x000000006dfcefff] reserved
BIOS-e820: [mem 0x000000006dfcf000-0x000000006edfefff] ACPI NVS
BIOS-e820: [mem 0x000000006edff000-0x000000006effefff] ACPI data
BIOS-e820: [mem 0x000000006efff000-0x000000006effffff] usable
BIOS-e820: [mem 0x000000006f000000-0x000000006f00afff] ACPI NVS
BIOS-e820: [mem 0x000000006f00b000-0x000000006fffffff] usable
BIOS-e820: [mem 0x0000000070000000-0x000000008fffffff] reserved
BIOS-e820: [mem 0x00000000aa000000-0x00000000aaffffff] reserved
BIOS-e820: [mem 0x00000000c5000000-0x00000000c5ffffff] reserved
BIOS-e820: [mem 0x00000000e0000000-0x00000000e0ffffff] reserved
BIOS-e820: [mem 0x00000000fd000000-0x00000000ffffffff] reserved
BIOS-e820: [mem 0x0000000100000000-0x000000807eefffff] usable
BIOS-e820: [mem 0x000000807ef00000-0x000000807fffffff] reserved
NX (Execute Disable) protection: active
e820: update [mem 0x4b7e7020-0x4b81da5f] usable ==> usable
e820: update [mem 0x4b7e7020-0x4b81da5f] usable ==> usable
e820: update [mem 0x4b7b0020-0x4b7e6a5f] usable ==> usable
e820: update [mem 0x4b7b0020-0x4b7e6a5f] usable ==> usable
e820: update [mem 0x4b79b020-0x4b7af85f] usable ==> usable
e820: update [mem 0x4b79b020-0x4b7af85f] usable ==> usable
e820: update [mem 0x4b764020-0x4b79aa5f] usable ==> usable
e820: update [mem 0x4b764020-0x4b79aa5f] usable ==> usable
e820: update [mem 0x4b72d020-0x4b763a5f] usable ==> usable
e820: update [mem 0x4b72d020-0x4b763a5f] usable ==> usable
e820: update [mem 0x4b6fa020-0x4b72c05f] usable ==> usable
e820: update [mem 0x4b6fa020-0x4b72c05f] usable ==> usable
e820: update [mem 0x4b6c7020-0x4b6f905f] usable ==> usable
e820: update [mem 0x4b6c7020-0x4b6f905f] usable ==> usable
e820: update [mem 0x4b6be020-0x4b6c605f] usable ==> usable
e820: update [mem 0x4b6be020-0x4b6c605f] usable ==> usable
extended physical RAM map:
reserve setup_data: [mem 0x0000000000000000-0x000000000008efff] usable
reserve setup_data: [mem 0x000000000008f000-0x000000000008ffff] ACPI NVS
reserve setup_data: [mem 0x0000000000090000-0x000000000009ffff] usable
reserve setup_data: [mem 0x0000000000100000-0x000000004b6be01f] usable
reserve setup_data: [mem 0x000000004b6be020-0x000000004b6c605f] usable
reserve setup_data: [mem 0x000000004b6c6060-0x000000004b6c701f] usable
reserve setup_data: [mem 0x000000004b6c7020-0x000000004b6f905f] usable
reserve setup_data: [mem 0x000000004b6f9060-0x000000004b6fa01f] usable
reserve setup_data: [mem 0x000000004b6fa020-0x000000004b72c05f] usable
reserve setup_data: [mem 0x000000004b72c060-0x000000004b72d01f] usable
reserve setup_data: [mem 0x000000004b72d020-0x000000004b763a5f] usable
reserve setup_data: [mem 0x000000004b763a60-0x000000004b76401f] usable
reserve setup_data: [mem 0x000000004b764020-0x000000004b79aa5f] usable
reserve setup_data: [mem 0x000000004b79aa60-0x000000004b79b01f] usable
reserve setup_data: [mem 0x000000004b79b020-0x000000004b7af85f] usable
reserve setup_data: [mem 0x000000004b7af860-0x000000004b7b001f] usable
reserve setup_data: [mem 0x000000004b7b0020-0x000000004b7e6a5f] usable
reserve setup_data: [mem 0x000000004b7e6a60-0x000000004b7e701f] usable
reserve setup_data: [mem 0x000000004b7e7020-0x000000004b81da5f] usable
reserve setup_data: [mem 0x000000004b81da60-0x000000004d769fff] usable
reserve setup_data: [mem 0x000000004d76a000-0x0000000055772fff] reserved
reserve setup_data: [mem 0x0000000055773000-0x000000005a15ffff] usable
reserve setup_data: [mem 0x000000005a160000-0x000000005a1dffff] reserved
reserve setup_data: [mem 0x000000005a1e0000-0x0000000067acefff] usable
reserve setup_data: [mem 0x0000000067acf000-0x000000006dfcefff] reserved
reserve setup_data: [mem 0x000000006dfcf000-0x000000006edfefff] ACPI NVS
reserve setup_data: [mem 0x000000006edff000-0x000000006effefff] ACPI data
reserve setup_data: [mem 0x000000006efff000-0x000000006effffff] usable
reserve setup_data: [mem 0x000000006f000000-0x000000006f00afff] ACPI NVS
reserve setup_data: [mem 0x000000006f00b000-0x000000006fffffff] usable
reserve setup_data: [mem 0x0000000070000000-0x000000008fffffff] reserved
reserve setup_data: [mem 0x00000000aa000000-0x00000000aaffffff] reserved
reserve setup_data: [mem 0x00000000c5000000-0x00000000c5ffffff] reserved
reserve setup_data: [mem 0x00000000e0000000-0x00000000e0ffffff] reserved
reserve setup_data: [mem 0x00000000fd000000-0x00000000ffffffff] reserved
reserve setup_data: [mem 0x0000000100000000-0x000000807eefffff] usable
reserve setup_data: [mem 0x000000807ef00000-0x000000807fffffff] reserved
efi: EFI v2.70 by Dell Inc.
efi: ACPI=0x6effe000 ACPI 2.0=0x6effe014 MEMATTR=0x642e2420 SMBIOS=0x697a1000 SMBIOS 3.0=0x6979f000 RNG=0x67bcdd20 
efi: seeding entropy pool
SMBIOS 3.3.0 present.
DMI: Dell Inc. PowerEdge R7515/07PXPY, BIOS 2.2.4 04/12/2021
tsc: Fast TSC calibration using PIT
tsc: Detected 1996.278 MHz processor
e820: update [mem 0x00000000-0x00000fff] usable ==> reserved
e820: remove [mem 0x000a0000-0x000fffff] usable
last_pfn = 0x807ef00 max_arch_pfn = 0x400000000
MTRR default type: uncachable
MTRR fixed ranges enabled:
  00000-9FFFF write-back
  A0000-FFFFF uncachable
MTRR variable ranges enabled:
  0 base 0000FF000000 mask FFFFFF000000 write-protect
  1 base 000000000000 mask FFFF80000000 write-back
  2 base 000067B30000 mask FFFFFFFF0000 uncachable
  3 disabled
  4 disabled
  5 disabled
  6 disabled
  7 disabled
TOM2: 0000008080000000 aka 526336M
x86/PAT: Configuration [0-7]: WB  WC  UC- UC  WB  WP  UC- WT  
x2apic: enabled by BIOS, switching to x2apic ops
last_pfn = 0x70000 max_arch_pfn = 0x400000000
check: Scanning 1 areas for low memory corruption
Using GB pages for direct mapping
Secure boot disabled
RAMDISK: [mem 0x4b81e000-0x4d06dfff]
ACPI: Early table checksum verification disabled
ACPI: RSDP 0x000000006EFFE014 000024 (v02 DELL  )
ACPI: XSDT 0x000000006EFFD0E8 0000B4 (v01 DELL   PE_SC3   00000002 DELL 00000001)
ACPI: FACP 0x000000006EFFA000 000114 (v06 DELL   PE_SC3   00000002 DELL 00000001)
ACPI: DSDT 0x000000006EFDB000 018E4E (v02 DELL   PE_SC3   00000002 DELL 00000001)
ACPI: FACS 0x000000006EDB9000 000040
ACPI: BERT 0x000000006EFFC000 000030 (v01 DELL   PE_SC3   00000001 DELL 00000001)
ACPI: HEST 0x000000006EFFB000 0007F4 (v01 DELL   PE_SC3   00000001 DELL 00000001)
ACPI: HPET 0x000000006EFF9000 000038 (v01 DELL   PE_SC3   00000002 DELL 00000001)
ACPI: APIC 0x000000006EFF7000 0018BE (v04 DELL   PE_SC3   00000002 DELL 00000001)
ACPI: MCFG 0x000000006EFF6000 00003C (v01 DELL   PE_SC3   00000002 DELL 00000001)
ACPI: WSMT 0x000000006EFF5000 000028 (v01 DELL   PE_SC3   00000002 DELL 00000001)
ACPI: SLIC 0x000000006EFF4000 000024 (v01 DELL   PE_SC3   00000002 DELL 00000001)
ACPI: SSDT 0x000000006EFDA000 000629 (v02 DELL   xhc_port 00000001 INTL 20200430)
ACPI: SSDT 0x000000006EFD9000 000C30 (v02 AMD    CPMRAS   00000001 INTL 20200430)
ACPI: EINJ 0x000000006EFD8000 000150 (v01 AMD    PE_SC3   00000001 AMD  00000001)
ACPI: PCCT 0x000000006EFD7000 00006E (v02 DELL   AmdTable 00000001 AMD  00000001)
ACPI: SSDT 0x000000006EFB7000 01F949 (v02 DELL   PE_SC3   00000001 AMD  00000001)
ACPI: CRAT 0x000000006EFAF000 0072D0 (v01 DELL   PE_SC3   00000001 AMD  00000001)
ACPI: CDIT 0x000000006EFAE000 000029 (v01 DELL   PE_SC3   00000001 AMD  00000001)
ACPI: IVRS 0x000000006EFAD000 000210 (v02 DELL   PE_SC3   00000001 AMD  00000001)
ACPI: SSDT 0x000000006EFAC000 000469 (v02 DELL   PE_SC3   00000002 DELL 00000001)
ACPI: SSDT 0x000000006EFAA000 001828 (v02 AMD    CPMCMN   00000001 INTL 20200430)
ACPI: Reserving FACP table memory at [mem 0x6effa000-0x6effa113]
ACPI: Reserving DSDT table memory at [mem 0x6efdb000-0x6eff3e4d]
ACPI: Reserving FACS table memory at [mem 0x6edb9000-0x6edb903f]
ACPI: Reserving BERT table memory at [mem 0x6effc000-0x6effc02f]
ACPI: Reserving HEST table memory at [mem 0x6effb000-0x6effb7f3]
ACPI: Reserving HPET table memory at [mem 0x6eff9000-0x6eff9037]
ACPI: Reserving APIC table memory at [mem 0x6eff7000-0x6eff88bd]
ACPI: Reserving MCFG table memory at [mem 0x6eff6000-0x6eff603b]
ACPI: Reserving WSMT table memory at [mem 0x6eff5000-0x6eff5027]
ACPI: Reserving SLIC table memory at [mem 0x6eff4000-0x6eff4023]
ACPI: Reserving SSDT table memory at [mem 0x6efda000-0x6efda628]
ACPI: Reserving SSDT table memory at [mem 0x6efd9000-0x6efd9c2f]
ACPI: Reserving EINJ table memory at [mem 0x6efd8000-0x6efd814f]
ACPI: Reserving PCCT table memory at [mem 0x6efd7000-0x6efd706d]
ACPI: Reserving SSDT table memory at [mem 0x6efb7000-0x6efd6948]
ACPI: Reserving CRAT table memory at [mem 0x6efaf000-0x6efb62cf]
ACPI: Reserving CDIT table memory at [mem 0x6efae000-0x6efae028]
ACPI: Reserving IVRS table memory at [mem 0x6efad000-0x6efad20f]
ACPI: Reserving SSDT table memory at [mem 0x6efac000-0x6efac468]
ACPI: Reserving SSDT table memory at [mem 0x6efaa000-0x6efab827]
ACPI: Local APIC address 0xfee00000
Setting APIC routing to cluster x2apic.
No NUMA configuration found
Faking a node at [mem 0x0000000000000000-0x000000807eefffff]
NODE_DATA(0) allocated [mem 0x807eefb000-0x807eefffff]
Zone ranges:
  DMA      [mem 0x0000000000001000-0x0000000000ffffff]
  DMA32    [mem 0x0000000001000000-0x00000000ffffffff]
  Normal   [mem 0x0000000100000000-0x000000807eefffff]
  Device   empty
Movable zone start for each node
Early memory node ranges
  node   0: [mem 0x0000000000001000-0x000000000008efff]
  node   0: [mem 0x0000000000090000-0x000000000009ffff]
  node   0: [mem 0x0000000000100000-0x000000004d769fff]
  node   0: [mem 0x0000000055773000-0x000000005a15ffff]
  node   0: [mem 0x000000005a1e0000-0x0000000067acefff]
  node   0: [mem 0x000000006efff000-0x000000006effffff]
  node   0: [mem 0x000000006f00b000-0x000000006fffffff]
  node   0: [mem 0x0000000100000000-0x000000807eefffff]
Initmem setup node 0 [mem 0x0000000000001000-0x000000807eefffff]
On node 0 totalpages: 134084826
  DMA zone: 64 pages used for memmap
  DMA zone: 1350 pages reserved
  DMA zone: 3998 pages, LIFO batch:0
  DMA32 zone: 6121 pages used for memmap
  DMA32 zone: 391740 pages, LIFO batch:63
  Normal zone: 2088892 pages used for memmap
  Normal zone: 133689088 pages, LIFO batch:63
On node 0, zone DMA: 1 pages in unavailable ranges
On node 0, zone DMA: 1 pages in unavailable ranges
On node 0, zone DMA: 96 pages in unavailable ranges
On node 0, zone DMA32: 32777 pages in unavailable ranges
On node 0, zone DMA32: 128 pages in unavailable ranges
On node 0, zone DMA32: 30000 pages in unavailable ranges
On node 0, zone DMA32: 11 pages in unavailable ranges
On node 0, zone Normal: 4352 pages in unavailable ranges
ACPI: PM-Timer IO Port: 0x408
ACPI: Local APIC address 0xfee00000
ACPI: X2APIC_NMI (uid[0xffffffff] high edge lint[0x1])
ACPI: LAPIC_NMI (acpi_id[0xff] high edge lint[0x1])
IOAPIC[0]: apic_id 240, version 33, address 0xfec00000, GSI 0-23
IOAPIC[1]: apic_id 241, version 33, address 0xe0100000, GSI 120-151
IOAPIC[2]: apic_id 242, version 33, address 0xc5100000, GSI 88-119
IOAPIC[3]: apic_id 243, version 33, address 0xaa100000, GSI 56-87
IOAPIC[4]: apic_id 244, version 33, address 0xfd100000, GSI 24-55
ACPI: INT_SRC_OVR (bus 0 bus_irq 0 global_irq 2 dfl dfl)
ACPI: INT_SRC_OVR (bus 0 bus_irq 9 global_irq 9 low level)
ACPI: IRQ0 used by override.
ACPI: IRQ9 used by override.
Using ACPI (MADT) for SMP configuration information
ACPI: HPET id: 0x10228201 base: 0xfed00000
smpboot: Allowing 128 CPUs, 0 hotplug CPUs
PM: hibernation: Registered nosave memory: [mem 0x00000000-0x00000fff]
PM: hibernation: Registered nosave memory: [mem 0x0008f000-0x0008ffff]
PM: hibernation: Registered nosave memory: [mem 0x000a0000-0x000fffff]
PM: hibernation: Registered nosave memory: [mem 0x4b6be000-0x4b6befff]
PM: hibernation: Registered nosave memory: [mem 0x4b6c6000-0x4b6c6fff]
PM: hibernation: Registered nosave memory: [mem 0x4b6c7000-0x4b6c7fff]
PM: hibernation: Registered nosave memory: [mem 0x4b6f9000-0x4b6f9fff]
PM: hibernation: Registered nosave memory: [mem 0x4b6fa000-0x4b6fafff]
PM: hibernation: Registered nosave memory: [mem 0x4b72c000-0x4b72cfff]
PM: hibernation: Registered nosave memory: [mem 0x4b72d000-0x4b72dfff]
PM: hibernation: Registered nosave memory: [mem 0x4b763000-0x4b763fff]
PM: hibernation: Registered nosave memory: [mem 0x4b764000-0x4b764fff]
PM: hibernation: Registered nosave memory: [mem 0x4b79a000-0x4b79afff]
PM: hibernation: Registered nosave memory: [mem 0x4b79b000-0x4b79bfff]
PM: hibernation: Registered nosave memory: [mem 0x4b7af000-0x4b7affff]
PM: hibernation: Registered nosave memory: [mem 0x4b7b0000-0x4b7b0fff]
PM: hibernation: Registered nosave memory: [mem 0x4b7e6000-0x4b7e6fff]
PM: hibernation: Registered nosave memory: [mem 0x4b7e7000-0x4b7e7fff]
PM: hibernation: Registered nosave memory: [mem 0x4b81d000-0x4b81dfff]
PM: hibernation: Registered nosave memory: [mem 0x4d76a000-0x55772fff]
PM: hibernation: Registered nosave memory: [mem 0x5a160000-0x5a1dffff]
PM: hibernation: Registered nosave memory: [mem 0x67acf000-0x6dfcefff]
PM: hibernation: Registered nosave memory: [mem 0x6dfcf000-0x6edfefff]
PM: hibernation: Registered nosave memory: [mem 0x6edff000-0x6effefff]
PM: hibernation: Registered nosave memory: [mem 0x6f000000-0x6f00afff]
PM: hibernation: Registered nosave memory: [mem 0x70000000-0x8fffffff]
PM: hibernation: Registered nosave memory: [mem 0x90000000-0xa9ffffff]
PM: hibernation: Registered nosave memory: [mem 0xaa000000-0xaaffffff]
PM: hibernation: Registered nosave memory: [mem 0xab000000-0xc4ffffff]
PM: hibernation: Registered nosave memory: [mem 0xc5000000-0xc5ffffff]
PM: hibernation: Registered nosave memory: [mem 0xc6000000-0xdfffffff]
PM: hibernation: Registered nosave memory: [mem 0xe0000000-0xe0ffffff]
PM: hibernation: Registered nosave memory: [mem 0xe1000000-0xfcffffff]
PM: hibernation: Registered nosave memory: [mem 0xfd000000-0xffffffff]
[mem 0xe1000000-0xfcffffff] available for PCI devices
Booting paravirtualized kernel on bare hardware
clocksource: refined-jiffies: mask: 0xffffffff max_cycles: 0xffffffff, max_idle_ns: 1910969940391419 ns
setup_percpu: NR_CPUS:384 nr_cpumask_bits:384 nr_cpu_ids:128 nr_node_ids:1
percpu: Embedded 58 pages/cpu s199960 r8192 d29416 u262144
pcpu-alloc: s199960 r8192 d29416 u262144 alloc=1*2097152
pcpu-alloc: [0] 000 001 002 003 004 005 006 007 
pcpu-alloc: [0] 008 009 010 011 012 013 014 015 
pcpu-alloc: [0] 016 017 018 019 020 021 022 023 
pcpu-alloc: [0] 024 025 026 027 028 029 030 031 
pcpu-alloc: [0] 032 033 034 035 036 037 038 039 
pcpu-alloc: [0] 040 041 042 043 044 045 046 047 
pcpu-alloc: [0] 048 049 050 051 052 053 054 055 
pcpu-alloc: [0] 056 057 058 059 060 061 062 063 
pcpu-alloc: [0] 064 065 066 067 068 069 070 071 
pcpu-alloc: [0] 072 073 074 075 076 077 078 079 
pcpu-alloc: [0] 080 081 082 083 084 085 086 087 
pcpu-alloc: [0] 088 089 090 091 092 093 094 095 
pcpu-alloc: [0] 096 097 098 099 100 101 102 103 
pcpu-alloc: [0] 104 105 106 107 108 109 110 111 
pcpu-alloc: [0] 112 113 114 115 116 117 118 119 
pcpu-alloc: [0] 120 121 122 123 124 125 126 127 
Built 1 zonelists, mobility grouping on.  Total pages: 131988399
Policy zone: Normal
Kernel command line: initrd=\efi\nixos\45vjnkggb2lwa18xr652bzq56j93hqxz-initrd-linux-5.10.81-initrd.efi init=/nix/store/gcadgicjpq5x7nr8rarvwmwwr4i3nzjq-nixos-system-ryan-21.11.20211205.b1fa84f/init console=ttyS1,115200 console=tty1 panic=1 boot.panic_on_fail loglevel=4
printk: log_buf_len individual max cpu contribution: 4096 bytes
printk: log_buf_len total cpu_extra contributions: 520192 bytes
printk: log_buf_len min size: 262144 bytes
printk: log_buf_len: 1048576 bytes
printk: early log buf free: 242672(92%)
Dentry cache hash table entries: 16777216 (order: 15, 134217728 bytes, linear)
Inode-cache hash table entries: 8388608 (order: 14, 67108864 bytes, linear)
mem auto-init: stack:off, heap alloc:off, heap free:off
Memory: 527505208K/536339304K available (12295K kernel code, 2220K rwdata, 5708K rodata, 1580K init, 972K bss, 8833836K reserved, 0K cma-reserved)
SLUB: HWalign=64, Order=0-3, MinObjects=0, CPUs=128, Nodes=1
ftrace: allocating 33818 entries in 133 pages
ftrace: allocated 133 pages with 3 groups
rcu: Hierarchical RCU implementation.
rcu: 	RCU event tracing is enabled.
rcu: 	RCU restricting CPUs from NR_CPUS=384 to nr_cpu_ids=128.
	Trampoline variant of Tasks RCU enabled.
	Rude variant of Tasks RCU enabled.
	Tracing variant of Tasks RCU enabled.
rcu: RCU calculated value of scheduler-enlistment delay is 100 jiffies.
rcu: Adjusting geometry for rcu_fanout_leaf=16, nr_cpu_ids=128
NR_IRQS: 24832, nr_irqs: 3624, preallocated irqs: 16
random: crng done (trusting CPU's manufacturer)
Console: colour dummy device 80x25
printk: console [tty1] enabled
printk: console [ttyS1] enabled
ACPI: Core revision 20200925
clocksource: hpet: mask: 0xffffffff max_cycles: 0xffffffff, max_idle_ns: 133484873504 ns
APIC: Switch to symmetric I/O mode setup
..TIMER: vector=0x30 apic1=0 pin1=2 apic2=-1 pin2=-1
clocksource: tsc-early: mask: 0xffffffffffffffff max_cycles: 0x398ce4d5d55, max_idle_ns: 881590676081 ns
Calibrating delay loop (skipped), value calculated using timer frequency.. 3992.55 BogoMIPS (lpj=1996278)
pid_max: default: 131072 minimum: 1024
LSM: Security Framework initializing
Yama: becoming mindful.
SELinux:  Initializing.
Mount-cache hash table entries: 262144 (order: 9, 2097152 bytes, linear)
Mountpoint-cache hash table entries: 262144 (order: 9, 2097152 bytes, linear)
x86/cpu: User Mode Instruction Prevention (UMIP) activated
LVT offset 2 assigned for vector 0xf4
Last level iTLB entries: 4KB 512, 2MB 512, 4MB 256
Last level dTLB entries: 4KB 2048, 2MB 2048, 4MB 1024, 1GB 0
Spectre V1 : Mitigation: usercopy/swapgs barriers and __user pointer sanitization
Spectre V2 : Mitigation: Full AMD retpoline
Spectre V2 : Spectre v2 / SpectreRSB mitigation: Filling RSB on context switch
Spectre V2 : Enabling Restricted Speculation for firmware calls
Spectre V2 : mitigation: Enabling conditional Indirect Branch Prediction Barrier
Spectre V2 : User space: Mitigation: STIBP always-on protection
Speculative Store Bypass: Mitigation: Speculative Store Bypass disabled via prctl and seccomp
Freeing SMP alternatives memory: 32K
smpboot: CPU0: AMD EPYC 7713P 64-Core Processor (family: 0x19, model: 0x1, stepping: 0x1)
Performance Events: Fam17h+ core perfctr, AMD PMU driver.
... version:                0
... bit width:              48
... generic registers:      6
... value mask:             0000ffffffffffff
... max period:             00007fffffffffff
... fixed-purpose events:   0
... event mask:             000000000000003f
rcu: Hierarchical SRCU implementation.
smp: Bringing up secondary CPUs ...
x86: Booting SMP configuration:
.... node  #0, CPUs:          #1   #2   #3   #4   #5   #6   #7   #8   #9  #10  #11  #12  #13  #14  #15  #16  #17  #18  #19  #20  #21  #22  #23  #24  #25  #26  #27  #28  #29  #30  #31  #32  #33  #34  #35  #36  #37  #38  #39  #40  #41  #42  #43  #44  #45  #46  #47  #48  #49  #50  #51  #52  #53  #54  #55  #56  #57  #58  #59  #60  #61  #62  #63  #64
Spectre V2 : Update user space SMT mitigation: STIBP always-on
  #65  #66  #67  #68  #69  #70  #71  #72  #73  #74  #75  #76  #77  #78  #79  #80  #81  #82  #83  #84  #85  #86  #87  #88  #89  #90  #91  #92  #93  #94  #95  #96  #97  #98  #99 #100 #101 #102 #103 #104 #105 #106 #107 #108 #109 #110 #111 #112 #113 #114 #115 #116 #117 #118 #119 #120 #121 #122 #123 #124 #125 #126 #127
smp: Brought up 1 node, 128 CPUs
smpboot: Max logical packages: 1
smpboot: Total of 128 processors activated (511047.16 BogoMIPS)
devtmpfs: initialized
x86/mm: Memory block size: 2048MB
PM: Registering ACPI NVS region [mem 0x0008f000-0x0008ffff] (4096 bytes)
PM: Registering ACPI NVS region [mem 0x6dfcf000-0x6edfefff] (14876672 bytes)
PM: Registering ACPI NVS region [mem 0x6f000000-0x6f00afff] (45056 bytes)
clocksource: jiffies: mask: 0xffffffff max_cycles: 0xffffffff, max_idle_ns: 1911260446275000 ns
futex hash table entries: 32768 (order: 9, 2097152 bytes, linear)
pinctrl core: initialized pinctrl subsystem
NET: Registered protocol family 16
audit: initializing netlink subsys (disabled)
audit: type=2000 audit(1639864317.285:1): state=initialized audit_enabled=0 res=1
thermal_sys: Registered thermal governor 'bang_bang'
thermal_sys: Registered thermal governor 'step_wise'
thermal_sys: Registered thermal governor 'user_space'
cpuidle: using governor menu
Detected 1 PCC Subspaces
Registering PCC driver as Mailbox controller
ACPI FADT declares the system doesn't support PCIe ASPM, so disable it
ACPI: bus type PCI registered
acpiphp: ACPI Hot Plug PCI Controller Driver version: 0.5
PCI: MMCONFIG for domain 0000 [bus 00-ff] at [mem 0x80000000-0x8fffffff] (base 0x80000000)
PCI: MMCONFIG at [mem 0x80000000-0x8fffffff] reserved in E820
PCI: Using configuration type 1 for base access
PCI: Dell System detected, enabling pci=bfsort.
Kprobes globally optimized
HugeTLB registered 1.00 GiB page size, pre-allocated 0 pages
HugeTLB registered 2.00 MiB page size, pre-allocated 0 pages
ACPI: Added _OSI(Module Device)
ACPI: Added _OSI(Processor Device)
ACPI: Added _OSI(3.0 _SCP Extensions)
ACPI: Added _OSI(Processor Aggregator Device)
ACPI: Added _OSI(Linux-Dell-Video)
ACPI: Added _OSI(Linux-Lenovo-NV-HDMI-Audio)
ACPI: Added _OSI(Linux-HPI-Hybrid-Graphics)
ACPI: 6 ACPI AML tables successfully acquired and loaded
ACPI: Interpreter enabled
ACPI: (supports S0 S5)
ACPI: Using IOAPIC for interrupt routing
PCI: Using host bridge windows from ACPI; if necessary, use "pci=nocrs" and report a bug
ACPI: Enabled 1 GPEs in block 00 to 1F
ACPI: PCI Interrupt Link [LNKA] (IRQs 4 5 7 10 11 14 15) *0
ACPI: PCI Interrupt Link [LNKB] (IRQs 4 5 7 10 11 14 15) *0
ACPI: PCI Interrupt Link [LNKC] (IRQs 4 5 7 10 11 14 15) *0
ACPI: PCI Interrupt Link [LNKD] (IRQs 4 5 7 10 11 14 15) *0
ACPI: PCI Interrupt Link [LNKE] (IRQs 4 5 7 10 11 14 15) *0
ACPI: PCI Interrupt Link [LNKF] (IRQs 4 5 7 10 11 14 15) *0
ACPI: PCI Interrupt Link [LNKG] (IRQs 4 5 7 10 11 14 15) *0
ACPI: PCI Interrupt Link [LNKH] (IRQs 4 5 7 10 11 14 15) *0
ACPI: PCI Root Bridge [PC00] (domain 0000 [bus 00-3f])
acpi PNP0A08:00: _OSC: OS supports [ExtendedConfig ASPM ClockPM Segments MSI HPX-Type3]
acpi PNP0A08:00: _OSC: OS now controls [PCIeHotplug PME PCIeCapability LTR]
acpi PNP0A08:00: FADT indicates ASPM is unsupported, using BIOS configuration
PCI host bridge to bus 0000:00
pci_bus 0000:00: root bus resource [io  0x0000-0x03af window]
pci_bus 0000:00: root bus resource [io  0x03e0-0x0cf7 window]
pci_bus 0000:00: root bus resource [mem 0x000c0000-0x000c3fff window]
pci_bus 0000:00: root bus resource [mem 0x000c4000-0x000c7fff window]
pci_bus 0000:00: root bus resource [mem 0x000c8000-0x000cbfff window]
pci_bus 0000:00: root bus resource [mem 0x000cc000-0x000cffff window]
pci_bus 0000:00: root bus resource [mem 0x000d0000-0x000d3fff window]
pci_bus 0000:00: root bus resource [mem 0x000d4000-0x000d7fff window]
pci_bus 0000:00: root bus resource [mem 0x000d8000-0x000dbfff window]
pci_bus 0000:00: root bus resource [mem 0x000dc000-0x000dffff window]
pci_bus 0000:00: root bus resource [mem 0x000e0000-0x000e3fff window]
pci_bus 0000:00: root bus resource [mem 0x000e4000-0x000e7fff window]
pci_bus 0000:00: root bus resource [mem 0x000e8000-0x000ebfff window]
pci_bus 0000:00: root bus resource [mem 0x000ec000-0x000effff window]
pci_bus 0000:00: root bus resource [mem 0x000f0000-0x000fffff window]
pci_bus 0000:00: root bus resource [io  0x0d00-0x3fff window]
pci_bus 0000:00: root bus resource [mem 0xe1000000-0xfebfffff window]
pci_bus 0000:00: root bus resource [mem 0x63dc0000000-0x7fcffffffff window]
pci_bus 0000:00: root bus resource [bus 00-3f]
pci 0000:00:00.0: [1022:1480] type 00 class 0x060000
pci 0000:00:00.2: [1022:164f] type 00 class 0x080600
pci 0000:00:01.0: [1022:1482] type 00 class 0x060000
pci 0000:00:01.1: [1022:1483] type 01 class 0x060400
pci 0000:00:01.1: PME# supported from D0 D3hot D3cold
pci 0000:00:02.0: [1022:1482] type 00 class 0x060000
pci 0000:00:03.0: [1022:1482] type 00 class 0x060000
pci 0000:00:03.1: [1022:1483] type 01 class 0x060400
pci 0000:00:03.1: PME# supported from D0 D3hot D3cold
pci 0000:00:03.2: [1022:1483] type 01 class 0x060400
pci 0000:00:03.2: PME# supported from D0 D3hot D3cold
pci 0000:00:04.0: [1022:1482] type 00 class 0x060000
pci 0000:00:05.0: [1022:1482] type 00 class 0x060000
pci 0000:00:07.0: [1022:1482] type 00 class 0x060000
pci 0000:00:07.1: [1022:1484] type 01 class 0x060400
pci 0000:00:07.1: enabling Extended Tags
pci 0000:00:07.1: PME# supported from D0 D3hot D3cold
pci 0000:00:08.0: [1022:1482] type 00 class 0x060000
pci 0000:00:08.1: [1022:1484] type 01 class 0x060400
pci 0000:00:08.1: enabling Extended Tags
pci 0000:00:08.1: PME# supported from D0 D3hot D3cold
pci 0000:00:14.0: [1022:790b] type 00 class 0x0c0500
pci 0000:00:14.3: [1022:790e] type 00 class 0x060100
pci 0000:00:18.0: [1022:1650] type 00 class 0x060000
pci 0000:00:18.1: [1022:1651] type 00 class 0x060000
pci 0000:00:18.2: [1022:1652] type 00 class 0x060000
pci 0000:00:18.3: [1022:1653] type 00 class 0x060000
pci 0000:00:18.4: [1022:1654] type 00 class 0x060000
pci 0000:00:18.5: [1022:1655] type 00 class 0x060000
pci 0000:00:18.6: [1022:1656] type 00 class 0x060000
pci 0000:00:18.7: [1022:1657] type 00 class 0x060000
pci 0000:03:00.0: [144d:a824] type 00 class 0x010802
pci 0000:03:00.0: reg 0x10: [mem 0xf7500000-0xf7507fff 64bit]
pci 0000:03:00.0: 63.008 Gb/s available PCIe bandwidth, limited by 8.0 GT/s PCIe x8 link at 0000:00:01.1 (capable of 126.024 Gb/s with 16.0 GT/s PCIe x8 link)
pci 0000:00:01.1: PCI bridge to [bus 03]
pci 0000:00:01.1:   bridge window [mem 0xf7500000-0xf75fffff]
pci 0000:02:00.0: [14e4:16d8] type 00 class 0x020000
pci 0000:02:00.0: reg 0x10: [mem 0xe1210000-0xe121ffff 64bit pref]
pci 0000:02:00.0: reg 0x18: [mem 0xe1100000-0xe11fffff 64bit pref]
pci 0000:02:00.0: reg 0x20: [mem 0xe1222000-0xe1223fff 64bit pref]
pci 0000:02:00.0: reg 0x30: [mem 0xfffc0000-0xffffffff pref]
pci 0000:02:00.0: PME# supported from D0 D3hot D3cold
pci 0000:02:00.1: [14e4:16d8] type 00 class 0x020000
pci 0000:02:00.1: reg 0x10: [mem 0xe1200000-0xe120ffff 64bit pref]
pci 0000:02:00.1: reg 0x18: [mem 0xe1000000-0xe10fffff 64bit pref]
pci 0000:02:00.1: reg 0x20: [mem 0xe1220000-0xe1221fff 64bit pref]
pci 0000:02:00.1: reg 0x30: [mem 0xfffc0000-0xffffffff pref]
pci 0000:02:00.1: PME# supported from D0 D3hot D3cold
pci 0000:00:03.1: PCI bridge to [bus 02]
pci 0000:00:03.1:   bridge window [mem 0xe1000000-0xe12fffff 64bit pref]
pci 0000:01:00.0: [1000:005f] type 00 class 0x010400
pci 0000:01:00.0: reg 0x10: [io  0x1000-0x10ff]
pci 0000:01:00.0: reg 0x14: [mem 0xf7400000-0xf740ffff 64bit]
pci 0000:01:00.0: reg 0x1c: [mem 0xf7300000-0xf73fffff 64bit]
pci 0000:01:00.0: reg 0x30: [mem 0xfff00000-0xffffffff pref]
pci 0000:01:00.0: supports D1 D2
pci 0000:00:03.2: PCI bridge to [bus 01]
pci 0000:00:03.2:   bridge window [io  0x1000-0x1fff]
pci 0000:00:03.2:   bridge window [mem 0xf7300000-0xf74fffff]
pci 0000:04:00.0: [1022:148a] type 00 class 0x130000
pci 0000:04:00.0: enabling Extended Tags
pci 0000:04:00.2: [1022:1498] type 00 class 0x108000
pci 0000:04:00.2: reg 0x18: [mem 0xf7200000-0xf727ffff]
pci 0000:04:00.2: reg 0x24: [mem 0xf7280000-0xf7281fff]
pci 0000:04:00.2: enabling Extended Tags
pci 0000:00:07.1: PCI bridge to [bus 04]
pci 0000:00:07.1:   bridge window [mem 0xf7200000-0xf72fffff]
pci 0000:05:00.0: [1022:1485] type 00 class 0x130000
pci 0000:05:00.0: enabling Extended Tags
pci 0000:05:00.2: [1022:1498] type 00 class 0x108000
pci 0000:05:00.2: reg 0x18: [mem 0xf7100000-0xf717ffff]
pci 0000:05:00.2: reg 0x24: [mem 0xf7180000-0xf7181fff]
pci 0000:05:00.2: enabling Extended Tags
pci 0000:05:00.3: [1022:148c] type 00 class 0x0c0330
pci 0000:05:00.3: reg 0x10: [mem 0xf7000000-0xf70fffff 64bit]
pci 0000:05:00.3: enabling Extended Tags
pci 0000:05:00.3: PME# supported from D0 D3hot D3cold
pci 0000:00:08.1: PCI bridge to [bus 05]
pci 0000:00:08.1:   bridge window [mem 0xf7000000-0xf71fffff]
ACPI: PCI Root Bridge [PC01] (domain 0000 [bus 40-7f])
acpi PNP0A08:01: _OSC: OS supports [ExtendedConfig ASPM ClockPM Segments MSI HPX-Type3]
acpi PNP0A08:01: _OSC: OS now controls [PCIeHotplug PME PCIeCapability LTR]
acpi PNP0A08:01: FADT indicates ASPM is unsupported, using BIOS configuration
PCI host bridge to bus 0000:40
pci_bus 0000:40: root bus resource [io  0x4000-0x6fff window]
pci_bus 0000:40: root bus resource [mem 0x90000000-0xaaffffff window]
pci_bus 0000:40: root bus resource [mem 0x47e80000000-0x63dbfffffff window]
pci_bus 0000:40: root bus resource [bus 40-7f]
pci 0000:40:00.0: [1022:1480] type 00 class 0x060000
pci 0000:40:00.2: [1022:164f] type 00 class 0x080600
pci 0000:40:01.0: [1022:1482] type 00 class 0x060000
pci 0000:40:01.1: [1022:1483] type 01 class 0x060400
pci 0000:40:01.1: PME# supported from D0 D3hot D3cold
pci 0000:40:02.0: [1022:1482] type 00 class 0x060000
pci 0000:40:03.0: [1022:1482] type 00 class 0x060000
pci 0000:40:04.0: [1022:1482] type 00 class 0x060000
pci 0000:40:05.0: [1022:1482] type 00 class 0x060000
pci 0000:40:07.0: [1022:1482] type 00 class 0x060000
pci 0000:40:07.1: [1022:1484] type 01 class 0x060400
pci 0000:40:07.1: enabling Extended Tags
pci 0000:40:07.1: PME# supported from D0 D3hot D3cold
pci 0000:40:08.0: [1022:1482] type 00 class 0x060000
pci 0000:40:08.1: [1022:1484] type 01 class 0x060400
pci 0000:40:08.1: enabling Extended Tags
pci 0000:40:08.1: PME# supported from D0 D3hot D3cold
pci 0000:41:00.0: [144d:a824] type 00 class 0x010802
pci 0000:41:00.0: reg 0x10: [mem 0xa4400000-0xa4407fff 64bit]
pci 0000:40:01.1: PCI bridge to [bus 41]
pci 0000:40:01.1:   bridge window [mem 0xa4400000-0xa44fffff]
pci 0000:42:00.0: [1022:148a] type 00 class 0x130000
pci 0000:42:00.0: enabling Extended Tags
pci 0000:42:00.2: [1022:1498] type 00 class 0x108000
pci 0000:42:00.2: reg 0x18: [mem 0xa4300000-0xa437ffff]
pci 0000:42:00.2: reg 0x24: [mem 0xa4380000-0xa4381fff]
pci 0000:42:00.2: enabling Extended Tags
pci 0000:40:07.1: PCI bridge to [bus 42]
pci 0000:40:07.1:   bridge window [mem 0xa4300000-0xa43fffff]
pci 0000:43:00.0: [1022:1485] type 00 class 0x130000
pci 0000:43:00.0: enabling Extended Tags
pci 0000:43:00.1: [1022:1486] type 00 class 0x108000
pci 0000:43:00.1: reg 0x18: [mem 0xa4100000-0xa41fffff]
pci 0000:43:00.1: reg 0x24: [mem 0xa4282000-0xa4283fff]
pci 0000:43:00.1: enabling Extended Tags
pci 0000:43:00.2: [1022:1498] type 00 class 0x108000
pci 0000:43:00.2: reg 0x18: [mem 0xa4200000-0xa427ffff]
pci 0000:43:00.2: reg 0x24: [mem 0xa4280000-0xa4281fff]
pci 0000:43:00.2: enabling Extended Tags
pci 0000:43:00.3: [1022:148c] type 00 class 0x0c0330
pci 0000:43:00.3: reg 0x10: [mem 0xa4000000-0xa40fffff 64bit]
pci 0000:43:00.3: enabling Extended Tags
pci 0000:43:00.3: PME# supported from D0 D3hot D3cold
pci 0000:40:08.1: PCI bridge to [bus 43]
pci 0000:40:08.1:   bridge window [mem 0xa4000000-0xa42fffff]
ACPI: PCI Root Bridge [PC02] (domain 0000 [bus 80-bf])
acpi PNP0A08:02: _OSC: OS supports [ExtendedConfig ASPM ClockPM Segments MSI HPX-Type3]
acpi PNP0A08:02: _OSC: OS now controls [PCIeHotplug PME PCIeCapability LTR]
acpi PNP0A08:02: FADT indicates ASPM is unsupported, using BIOS configuration
PCI host bridge to bus 0000:80
pci_bus 0000:80: root bus resource [io  0x7000-0x9fff window]
pci_bus 0000:80: root bus resource [mem 0xab000000-0xc5ffffff window]
pci_bus 0000:80: root bus resource [mem 0x2bf40000000-0x47e7fffffff window]
pci_bus 0000:80: root bus resource [bus 80-bf]
pci 0000:80:00.0: [1022:1480] type 00 class 0x060000
pci 0000:80:00.2: [1022:164f] type 00 class 0x080600
pci 0000:80:01.0: [1022:1482] type 00 class 0x060000
pci 0000:80:02.0: [1022:1482] type 00 class 0x060000
pci 0000:80:03.0: [1022:1482] type 00 class 0x060000
pci 0000:80:04.0: [1022:1482] type 00 class 0x060000
pci 0000:80:05.0: [1022:1482] type 00 class 0x060000
pci 0000:80:07.0: [1022:1482] type 00 class 0x060000
pci 0000:80:07.1: [1022:1484] type 01 class 0x060400
pci 0000:80:07.1: enabling Extended Tags
pci 0000:80:07.1: PME# supported from D0 D3hot D3cold
pci 0000:80:08.0: [1022:1482] type 00 class 0x060000
pci 0000:80:08.1: [1022:1484] type 01 class 0x060400
pci 0000:80:08.1: enabling Extended Tags
pci 0000:80:08.1: PME# supported from D0 D3hot D3cold
pci 0000:80:08.2: [1022:1484] type 01 class 0x060400
pci 0000:80:08.2: enabling Extended Tags
pci 0000:80:08.2: PME# supported from D0 D3hot D3cold
pci 0000:81:00.0: [1022:148a] type 00 class 0x130000
pci 0000:81:00.0: enabling Extended Tags
pci 0000:81:00.2: [1022:1498] type 00 class 0x108000
pci 0000:81:00.2: reg 0x18: [mem 0xbf200000-0xbf27ffff]
pci 0000:81:00.2: reg 0x24: [mem 0xbf280000-0xbf281fff]
pci 0000:81:00.2: enabling Extended Tags
pci 0000:80:07.1: PCI bridge to [bus 81]
pci 0000:80:07.1:   bridge window [mem 0xbf200000-0xbf2fffff]
pci 0000:82:00.0: [1022:1485] type 00 class 0x130000
pci 0000:82:00.0: enabling Extended Tags
pci 0000:82:00.2: [1022:1498] type 00 class 0x108000
pci 0000:82:00.2: reg 0x18: [mem 0xbf100000-0xbf17ffff]
pci 0000:82:00.2: reg 0x24: [mem 0xbf180000-0xbf181fff]
pci 0000:82:00.2: enabling Extended Tags
pci 0000:80:08.1: PCI bridge to [bus 82]
pci 0000:80:08.1:   bridge window [mem 0xbf100000-0xbf1fffff]
pci 0000:83:00.0: [1022:7901] type 00 class 0x010601
pci 0000:83:00.0: reg 0x24: [mem 0xbf000000-0xbf0007ff]
pci 0000:83:00.0: enabling Extended Tags
pci 0000:83:00.0: PME# supported from D3hot D3cold
pci 0000:80:08.2: PCI bridge to [bus 83]
pci 0000:80:08.2:   bridge window [mem 0xbf000000-0xbf0fffff]
ACPI: PCI Root Bridge [PC03] (domain 0000 [bus c0-ff])
acpi PNP0A08:03: _OSC: OS supports [ExtendedConfig ASPM ClockPM Segments MSI HPX-Type3]
acpi PNP0A08:03: _OSC: OS now controls [PCIeHotplug PME PCIeCapability LTR]
acpi PNP0A08:03: FADT indicates ASPM is unsupported, using BIOS configuration
PCI host bridge to bus 0000:c0
pci_bus 0000:c0: root bus resource [io  0x03b0-0x03df window]
pci_bus 0000:c0: root bus resource [mem 0x000a0000-0x000bffff window]
pci_bus 0000:c0: root bus resource [io  0xa000-0xffff window]
pci_bus 0000:c0: root bus resource [mem 0xc6000000-0xe0ffffff window]
pci_bus 0000:c0: root bus resource [mem 0x10000000000-0x2bf3fffffff window]
pci_bus 0000:c0: root bus resource [bus c0-ff]
pci 0000:c0:00.0: [1022:1480] type 00 class 0x060000
pci 0000:c0:00.2: [1022:164f] type 00 class 0x080600
pci 0000:c0:01.0: [1022:1482] type 00 class 0x060000
pci 0000:c0:01.1: [1022:1483] type 01 class 0x060400
pci 0000:c0:01.1: PME# supported from D0 D3hot D3cold
pci 0000:c0:02.0: [1022:1482] type 00 class 0x060000
pci 0000:c0:03.0: [1022:1482] type 00 class 0x060000
pci 0000:c0:04.0: [1022:1482] type 00 class 0x060000
pci 0000:c0:05.0: [1022:1482] type 00 class 0x060000
pci 0000:c0:05.1: [1022:149a] type 01 class 0x060400
pci 0000:c0:05.1: PME# supported from D0 D3hot D3cold
pci 0000:c0:05.2: [1022:149a] type 01 class 0x060400
pci 0000:c0:05.2: PME# supported from D0 D3hot D3cold
pci 0000:c0:07.0: [1022:1482] type 00 class 0x060000
pci 0000:c0:07.1: [1022:1484] type 01 class 0x060400
pci 0000:c0:07.1: enabling Extended Tags
pci 0000:c0:07.1: PME# supported from D0 D3hot D3cold
pci 0000:c0:08.0: [1022:1482] type 00 class 0x060000
pci 0000:c0:08.1: [1022:1484] type 01 class 0x060400
pci 0000:c0:08.1: enabling Extended Tags
pci 0000:c0:08.1: PME# supported from D0 D3hot D3cold
pci 0000:c4:00.0: [14e4:16d8] type 00 class 0x020000
pci 0000:c4:00.0: reg 0x10: [mem 0xc7310000-0xc731ffff 64bit pref]
pci 0000:c4:00.0: reg 0x18: [mem 0xc7200000-0xc72fffff 64bit pref]
pci 0000:c4:00.0: reg 0x20: [mem 0xc7322000-0xc7323fff 64bit pref]
pci 0000:c4:00.0: reg 0x30: [mem 0xfffc0000-0xffffffff pref]
pci 0000:c4:00.0: PME# supported from D0 D3hot D3cold
pci 0000:c4:00.1: [14e4:16d8] type 00 class 0x020000
pci 0000:c4:00.1: reg 0x10: [mem 0xc7300000-0xc730ffff 64bit pref]
pci 0000:c4:00.1: reg 0x18: [mem 0xc7100000-0xc71fffff 64bit pref]
pci 0000:c4:00.1: reg 0x20: [mem 0xc7320000-0xc7321fff 64bit pref]
pci 0000:c4:00.1: reg 0x30: [mem 0xfffc0000-0xffffffff pref]
pci 0000:c4:00.1: PME# supported from D0 D3hot D3cold
pci 0000:c0:01.1: PCI bridge to [bus c4]
pci 0000:c0:01.1:   bridge window [mem 0xc7100000-0xc73fffff 64bit pref]
pci 0000:c1:00.0: [14e4:165f] type 00 class 0x020000
pci 0000:c1:00.0: reg 0x10: [mem 0xc7030000-0xc703ffff 64bit pref]
pci 0000:c1:00.0: reg 0x18: [mem 0xc7040000-0xc704ffff 64bit pref]
pci 0000:c1:00.0: reg 0x20: [mem 0xc7050000-0xc705ffff 64bit pref]
pci 0000:c1:00.0: reg 0x30: [mem 0xfffc0000-0xffffffff pref]
pci 0000:c1:00.0: PME# supported from D0 D3hot D3cold
pci 0000:c1:00.0: 4.000 Gb/s available PCIe bandwidth, limited by 5.0 GT/s PCIe x1 link at 0000:c0:05.1 (capable of 8.000 Gb/s with 5.0 GT/s PCIe x2 link)
pci 0000:c1:00.1: [14e4:165f] type 00 class 0x020000
pci 0000:c1:00.1: reg 0x10: [mem 0xc7000000-0xc700ffff 64bit pref]
pci 0000:c1:00.1: reg 0x18: [mem 0xc7010000-0xc701ffff 64bit pref]
pci 0000:c1:00.1: reg 0x20: [mem 0xc7020000-0xc702ffff 64bit pref]
pci 0000:c1:00.1: reg 0x30: [mem 0xfffc0000-0xffffffff pref]
pci 0000:c1:00.1: PME# supported from D0 D3hot D3cold
pci 0000:c0:05.1: PCI bridge to [bus c1]
pci 0000:c0:05.1:   bridge window [mem 0xc7000000-0xc70fffff 64bit pref]
pci 0000:c2:00.0: [1556:be00] type 01 class 0x060400
pci 0000:c0:05.2: PCI bridge to [bus c2-c3]
pci 0000:c0:05.2:   bridge window [mem 0xda000000-0xda8fffff]
pci 0000:c0:05.2:   bridge window [mem 0xc6000000-0xc6ffffff 64bit pref]
pci_bus 0000:c3: extended config space not accessible
pci 0000:c3:00.0: [102b:0536] type 00 class 0x030000
pci 0000:c3:00.0: reg 0x10: [mem 0xc6000000-0xc6ffffff pref]
pci 0000:c3:00.0: reg 0x14: [mem 0xda808000-0xda80bfff]
pci 0000:c3:00.0: reg 0x18: [mem 0xda000000-0xda7fffff]
pci 0000:c3:00.0: BAR 0: assigned to efifb
pci 0000:c2:00.0: PCI bridge to [bus c3]
pci 0000:c2:00.0:   bridge window [mem 0xda000000-0xda8fffff]
pci 0000:c2:00.0:   bridge window [mem 0xc6000000-0xc6ffffff 64bit pref]
pci 0000:c5:00.0: [1022:148a] type 00 class 0x130000
pci 0000:c5:00.0: enabling Extended Tags
pci 0000:c5:00.2: [1022:1498] type 00 class 0x108000
pci 0000:c5:00.2: reg 0x18: [mem 0xdaa00000-0xdaa7ffff]
pci 0000:c5:00.2: reg 0x24: [mem 0xdaa80000-0xdaa81fff]
pci 0000:c5:00.2: enabling Extended Tags
pci 0000:c0:07.1: PCI bridge to [bus c5]
pci 0000:c0:07.1:   bridge window [mem 0xdaa00000-0xdaafffff]
pci 0000:c6:00.0: [1022:1485] type 00 class 0x130000
pci 0000:c6:00.0: enabling Extended Tags
pci 0000:c6:00.2: [1022:1498] type 00 class 0x108000
pci 0000:c6:00.2: reg 0x18: [mem 0xda900000-0xda97ffff]
pci 0000:c6:00.2: reg 0x24: [mem 0xda980000-0xda981fff]
pci 0000:c6:00.2: enabling Extended Tags
pci 0000:c0:08.1: PCI bridge to [bus c6]
pci 0000:c0:08.1:   bridge window [mem 0xda900000-0xda9fffff]
iommu: Default domain type: Translated 
pci 0000:c3:00.0: vgaarb: setting as boot VGA device
pci 0000:c3:00.0: vgaarb: VGA device added: decodes=io+mem,owns=io+mem,locks=none
pci 0000:c3:00.0: vgaarb: bridge control possible
vgaarb: loaded
Registered efivars operations
NetLabel: Initializing
NetLabel:  domain hash size = 128
NetLabel:  protocols = UNLABELED CIPSOv4 CALIPSO
NetLabel:  unlabeled traffic allowed by default
PCI: Using ACPI for IRQ routing
PCI: pci_cache_line_size set to 64 bytes
Expanded resource Reserved due to conflict with PCI Bus 0000:00
e820: reserve RAM buffer [mem 0x0008f000-0x0008ffff]
e820: reserve RAM buffer [mem 0x4b6be020-0x4bffffff]
e820: reserve RAM buffer [mem 0x4b6c7020-0x4bffffff]
e820: reserve RAM buffer [mem 0x4b6fa020-0x4bffffff]
e820: reserve RAM buffer [mem 0x4b72d020-0x4bffffff]
e820: reserve RAM buffer [mem 0x4b764020-0x4bffffff]
e820: reserve RAM buffer [mem 0x4b79b020-0x4bffffff]
e820: reserve RAM buffer [mem 0x4b7b0020-0x4bffffff]
e820: reserve RAM buffer [mem 0x4b7e7020-0x4bffffff]
e820: reserve RAM buffer [mem 0x4d76a000-0x4fffffff]
e820: reserve RAM buffer [mem 0x5a160000-0x5bffffff]
e820: reserve RAM buffer [mem 0x67acf000-0x67ffffff]
e820: reserve RAM buffer [mem 0x6f000000-0x6fffffff]
e820: reserve RAM buffer [mem 0x807ef00000-0x807fffffff]
hpet0: at MMIO 0xfed00000, IRQs 2, 8, 0
hpet0: 3 comparators, 32-bit 14.318180 MHz counter
clocksource: Switched to clocksource tsc-early
VFS: Disk quotas dquot_6.6.0
VFS: Dquot-cache hash table entries: 512 (order 0, 4096 bytes)
pnp: PnP ACPI init
system 00:00: [mem 0x80000000-0x8fffffff] has been reserved
system 00:00: Plug and Play ACPI device, IDs PNP0c01 (active)
system 00:01: [mem 0xff000000-0xffffffff] has been reserved
system 00:01: Plug and Play ACPI device, IDs PNP0c02 (active)
pnp 00:02: Plug and Play ACPI device, IDs PNP0b00 (active)
pnp 00:03: Plug and Play ACPI device, IDs PNP0501 (active)
pnp 00:04: Plug and Play ACPI device, IDs PNP0501 (active)
pnp: PnP ACPI: found 5 devices
clocksource: acpi_pm: mask: 0xffffff max_cycles: 0xffffff, max_idle_ns: 2085701024 ns
NET: Registered protocol family 2
IP idents hash table entries: 262144 (order: 9, 2097152 bytes, linear)
tcp_listen_portaddr_hash hash table entries: 65536 (order: 8, 1048576 bytes, linear)
TCP established hash table entries: 524288 (order: 10, 4194304 bytes, linear)
TCP bind hash table entries: 65536 (order: 8, 1048576 bytes, linear)
TCP: Hash tables configured (established 524288 bind 65536)
MPTCP token hash table entries: 65536 (order: 8, 1572864 bytes, linear)
UDP hash table entries: 65536 (order: 9, 2097152 bytes, linear)
UDP-Lite hash table entries: 65536 (order: 9, 2097152 bytes, linear)
NET: Registered protocol family 1
NET: Registered protocol family 44
pci 0000:02:00.0: can't claim BAR 6 [mem 0xfffc0000-0xffffffff pref]: no compatible bridge window
pci 0000:02:00.1: can't claim BAR 6 [mem 0xfffc0000-0xffffffff pref]: no compatible bridge window
pci 0000:01:00.0: can't claim BAR 6 [mem 0xfff00000-0xffffffff pref]: no compatible bridge window
pci 0000:c4:00.0: can't claim BAR 6 [mem 0xfffc0000-0xffffffff pref]: no compatible bridge window
pci 0000:c4:00.1: can't claim BAR 6 [mem 0xfffc0000-0xffffffff pref]: no compatible bridge window
pci 0000:c1:00.0: can't claim BAR 6 [mem 0xfffc0000-0xffffffff pref]: no compatible bridge window
pci 0000:c1:00.1: can't claim BAR 6 [mem 0xfffc0000-0xffffffff pref]: no compatible bridge window
pci 0000:00:03.1: BAR 14: assigned [mem 0xe1300000-0xe13fffff]
pci 0000:00:01.1: PCI bridge to [bus 03]
pci 0000:00:01.1:   bridge window [mem 0xf7500000-0xf75fffff]
pci 0000:02:00.0: BAR 6: assigned [mem 0xe1300000-0xe133ffff pref]
pci 0000:02:00.1: BAR 6: assigned [mem 0xe1340000-0xe137ffff pref]
pci 0000:00:03.1: PCI bridge to [bus 02]
pci 0000:00:03.1:   bridge window [mem 0xe1300000-0xe13fffff]
pci 0000:00:03.1:   bridge window [mem 0xe1000000-0xe12fffff 64bit pref]
pci 0000:01:00.0: BAR 6: no space for [mem size 0x00100000 pref]
pci 0000:01:00.0: BAR 6: failed to assign [mem size 0x00100000 pref]
pci 0000:00:03.2: PCI bridge to [bus 01]
pci 0000:00:03.2:   bridge window [io  0x1000-0x1fff]
pci 0000:00:03.2:   bridge window [mem 0xf7300000-0xf74fffff]
pci 0000:00:07.1: PCI bridge to [bus 04]
pci 0000:00:07.1:   bridge window [mem 0xf7200000-0xf72fffff]
pci 0000:00:08.1: PCI bridge to [bus 05]
pci 0000:00:08.1:   bridge window [mem 0xf7000000-0xf71fffff]
pci_bus 0000:00: resource 4 [io  0x0000-0x03af window]
pci_bus 0000:00: resource 5 [io  0x03e0-0x0cf7 window]
pci_bus 0000:00: resource 6 [mem 0x000c0000-0x000c3fff window]
pci_bus 0000:00: resource 7 [mem 0x000c4000-0x000c7fff window]
pci_bus 0000:00: resource 8 [mem 0x000c8000-0x000cbfff window]
pci_bus 0000:00: resource 9 [mem 0x000cc000-0x000cffff window]
pci_bus 0000:00: resource 10 [mem 0x000d0000-0x000d3fff window]
pci_bus 0000:00: resource 11 [mem 0x000d4000-0x000d7fff window]
pci_bus 0000:00: resource 12 [mem 0x000d8000-0x000dbfff window]
pci_bus 0000:00: resource 13 [mem 0x000dc000-0x000dffff window]
pci_bus 0000:00: resource 14 [mem 0x000e0000-0x000e3fff window]
pci_bus 0000:00: resource 15 [mem 0x000e4000-0x000e7fff window]
pci_bus 0000:00: resource 16 [mem 0x000e8000-0x000ebfff window]
pci_bus 0000:00: resource 17 [mem 0x000ec000-0x000effff window]
pci_bus 0000:00: resource 18 [mem 0x000f0000-0x000fffff window]
pci_bus 0000:00: resource 19 [io  0x0d00-0x3fff window]
pci_bus 0000:00: resource 20 [mem 0xe1000000-0xfebfffff window]
pci_bus 0000:00: resource 21 [mem 0x63dc0000000-0x7fcffffffff window]
pci_bus 0000:03: resource 1 [mem 0xf7500000-0xf75fffff]
pci_bus 0000:02: resource 1 [mem 0xe1300000-0xe13fffff]
pci_bus 0000:02: resource 2 [mem 0xe1000000-0xe12fffff 64bit pref]
pci_bus 0000:01: resource 0 [io  0x1000-0x1fff]
pci_bus 0000:01: resource 1 [mem 0xf7300000-0xf74fffff]
pci_bus 0000:04: resource 1 [mem 0xf7200000-0xf72fffff]
pci_bus 0000:05: resource 1 [mem 0xf7000000-0xf71fffff]
pci 0000:40:01.1: PCI bridge to [bus 41]
pci 0000:40:01.1:   bridge window [mem 0xa4400000-0xa44fffff]
pci 0000:40:07.1: PCI bridge to [bus 42]
pci 0000:40:07.1:   bridge window [mem 0xa4300000-0xa43fffff]
pci 0000:40:08.1: PCI bridge to [bus 43]
pci 0000:40:08.1:   bridge window [mem 0xa4000000-0xa42fffff]
pci_bus 0000:40: resource 4 [io  0x4000-0x6fff window]
pci_bus 0000:40: resource 5 [mem 0x90000000-0xaaffffff window]
pci_bus 0000:40: resource 6 [mem 0x47e80000000-0x63dbfffffff window]
pci_bus 0000:41: resource 1 [mem 0xa4400000-0xa44fffff]
pci_bus 0000:42: resource 1 [mem 0xa4300000-0xa43fffff]
pci_bus 0000:43: resource 1 [mem 0xa4000000-0xa42fffff]
pci 0000:80:07.1: PCI bridge to [bus 81]
pci 0000:80:07.1:   bridge window [mem 0xbf200000-0xbf2fffff]
pci 0000:80:08.1: PCI bridge to [bus 82]
pci 0000:80:08.1:   bridge window [mem 0xbf100000-0xbf1fffff]
pci 0000:80:08.2: PCI bridge to [bus 83]
pci 0000:80:08.2:   bridge window [mem 0xbf000000-0xbf0fffff]
pci_bus 0000:80: resource 4 [io  0x7000-0x9fff window]
pci_bus 0000:80: resource 5 [mem 0xab000000-0xc5ffffff window]
pci_bus 0000:80: resource 6 [mem 0x2bf40000000-0x47e7fffffff window]
pci_bus 0000:81: resource 1 [mem 0xbf200000-0xbf2fffff]
pci_bus 0000:82: resource 1 [mem 0xbf100000-0xbf1fffff]
pci_bus 0000:83: resource 1 [mem 0xbf000000-0xbf0fffff]
pci 0000:c0:01.1: BAR 14: assigned [mem 0xc7400000-0xc74fffff]
pci 0000:c0:05.1: BAR 14: assigned [mem 0xc7500000-0xc75fffff]
pci 0000:c4:00.0: BAR 6: assigned [mem 0xc7400000-0xc743ffff pref]
pci 0000:c4:00.1: BAR 6: assigned [mem 0xc7440000-0xc747ffff pref]
pci 0000:c0:01.1: PCI bridge to [bus c4]
pci 0000:c0:01.1:   bridge window [mem 0xc7400000-0xc74fffff]
pci 0000:c0:01.1:   bridge window [mem 0xc7100000-0xc73fffff 64bit pref]
pci 0000:c1:00.0: BAR 6: assigned [mem 0xc7500000-0xc753ffff pref]
pci 0000:c1:00.1: BAR 6: assigned [mem 0xc7540000-0xc757ffff pref]
pci 0000:c0:05.1: PCI bridge to [bus c1]
pci 0000:c0:05.1:   bridge window [mem 0xc7500000-0xc75fffff]
pci 0000:c0:05.1:   bridge window [mem 0xc7000000-0xc70fffff 64bit pref]
pci 0000:c2:00.0: PCI bridge to [bus c3]
pci 0000:c2:00.0:   bridge window [mem 0xda000000-0xda8fffff]
pci 0000:c2:00.0:   bridge window [mem 0xc6000000-0xc6ffffff 64bit pref]
pci 0000:c0:05.2: PCI bridge to [bus c2-c3]
pci 0000:c0:05.2:   bridge window [mem 0xda000000-0xda8fffff]
pci 0000:c0:05.2:   bridge window [mem 0xc6000000-0xc6ffffff 64bit pref]
pci 0000:c0:07.1: PCI bridge to [bus c5]
pci 0000:c0:07.1:   bridge window [mem 0xdaa00000-0xdaafffff]
pci 0000:c0:08.1: PCI bridge to [bus c6]
pci 0000:c0:08.1:   bridge window [mem 0xda900000-0xda9fffff]
pci_bus 0000:c0: resource 4 [io  0x03b0-0x03df window]
pci_bus 0000:c0: resource 5 [mem 0x000a0000-0x000bffff window]
pci_bus 0000:c0: resource 6 [io  0xa000-0xffff window]
pci_bus 0000:c0: resource 7 [mem 0xc6000000-0xe0ffffff window]
pci_bus 0000:c0: resource 8 [mem 0x10000000000-0x2bf3fffffff window]
pci_bus 0000:c4: resource 1 [mem 0xc7400000-0xc74fffff]
pci_bus 0000:c4: resource 2 [mem 0xc7100000-0xc73fffff 64bit pref]
pci_bus 0000:c1: resource 1 [mem 0xc7500000-0xc75fffff]
pci_bus 0000:c1: resource 2 [mem 0xc7000000-0xc70fffff 64bit pref]
pci_bus 0000:c2: resource 1 [mem 0xda000000-0xda8fffff]
pci_bus 0000:c2: resource 2 [mem 0xc6000000-0xc6ffffff 64bit pref]
pci_bus 0000:c3: resource 1 [mem 0xda000000-0xda8fffff]
pci_bus 0000:c3: resource 2 [mem 0xc6000000-0xc6ffffff 64bit pref]
pci_bus 0000:c5: resource 1 [mem 0xdaa00000-0xdaafffff]
pci_bus 0000:c6: resource 1 [mem 0xda900000-0xda9fffff]
pci 0000:c3:00.0: Video device with shadowed ROM at [mem 0x000c0000-0x000dffff]
PCI: CLS 64 bytes, default 64
Trying to unpack rootfs image as initramfs...
Freeing initrd memory: 24896K
pci 0000:c0:00.2: AMD-Vi: IOMMU performance counters supported
pci 0000:80:00.2: AMD-Vi: IOMMU performance counters supported
pci 0000:40:00.2: AMD-Vi: IOMMU performance counters supported
pci 0000:00:00.2: AMD-Vi: IOMMU performance counters supported
pci 0000:00:01.0: Adding to iommu group 0
pci 0000:00:01.1: Adding to iommu group 1
pci 0000:00:02.0: Adding to iommu group 2
pci 0000:00:03.0: Adding to iommu group 3
pci 0000:00:03.1: Adding to iommu group 4
pci 0000:00:03.2: Adding to iommu group 5
pci 0000:00:04.0: Adding to iommu group 6
pci 0000:00:05.0: Adding to iommu group 7
pci 0000:00:07.0: Adding to iommu group 8
pci 0000:00:07.1: Adding to iommu group 9
pci 0000:00:08.0: Adding to iommu group 10
pci 0000:00:08.1: Adding to iommu group 11
pci 0000:00:14.0: Adding to iommu group 12
pci 0000:00:14.3: Adding to iommu group 12
pci 0000:00:18.0: Adding to iommu group 13
pci 0000:00:18.1: Adding to iommu group 13
pci 0000:00:18.2: Adding to iommu group 13
pci 0000:00:18.3: Adding to iommu group 13
pci 0000:00:18.4: Adding to iommu group 13
pci 0000:00:18.5: Adding to iommu group 13
pci 0000:00:18.6: Adding to iommu group 13
pci 0000:00:18.7: Adding to iommu group 13
pci 0000:01:00.0: Adding to iommu group 14
pci 0000:02:00.0: Adding to iommu group 15
pci 0000:02:00.1: Adding to iommu group 15
pci 0000:03:00.0: Adding to iommu group 16
pci 0000:04:00.0: Adding to iommu group 17
pci 0000:04:00.2: Adding to iommu group 18
pci 0000:05:00.0: Adding to iommu group 19
pci 0000:05:00.2: Adding to iommu group 20
pci 0000:05:00.3: Adding to iommu group 21
pci 0000:40:01.0: Adding to iommu group 22
pci 0000:40:01.1: Adding to iommu group 23
pci 0000:40:02.0: Adding to iommu group 24
pci 0000:40:03.0: Adding to iommu group 25
pci 0000:40:04.0: Adding to iommu group 26
pci 0000:40:05.0: Adding to iommu group 27
pci 0000:40:07.0: Adding to iommu group 28
pci 0000:40:07.1: Adding to iommu group 29
pci 0000:40:08.0: Adding to iommu group 30
pci 0000:40:08.1: Adding to iommu group 31
pci 0000:41:00.0: Adding to iommu group 32
pci 0000:42:00.0: Adding to iommu group 33
pci 0000:42:00.2: Adding to iommu group 34
pci 0000:43:00.0: Adding to iommu group 35
pci 0000:43:00.1: Adding to iommu group 36
pci 0000:43:00.2: Adding to iommu group 37
pci 0000:43:00.3: Adding to iommu group 38
pci 0000:80:01.0: Adding to iommu group 39
pci 0000:80:02.0: Adding to iommu group 40
pci 0000:80:03.0: Adding to iommu group 41
pci 0000:80:04.0: Adding to iommu group 42
pci 0000:80:05.0: Adding to iommu group 43
pci 0000:80:07.0: Adding to iommu group 44
pci 0000:80:07.1: Adding to iommu group 45
pci 0000:80:08.0: Adding to iommu group 46
pci 0000:80:08.1: Adding to iommu group 47
pci 0000:80:08.2: Adding to iommu group 48
pci 0000:81:00.0: Adding to iommu group 49
pci 0000:81:00.2: Adding to iommu group 50
pci 0000:82:00.0: Adding to iommu group 51
pci 0000:82:00.2: Adding to iommu group 52
pci 0000:83:00.0: Adding to iommu group 53
pci 0000:c0:01.0: Adding to iommu group 54
pci 0000:c0:01.1: Adding to iommu group 55
pci 0000:c0:02.0: Adding to iommu group 56
pci 0000:c0:03.0: Adding to iommu group 57
pci 0000:c0:04.0: Adding to iommu group 58
pci 0000:c0:05.0: Adding to iommu group 59
pci 0000:c0:05.1: Adding to iommu group 59
pci 0000:c0:05.2: Adding to iommu group 59
pci 0000:c0:07.0: Adding to iommu group 60
pci 0000:c0:07.1: Adding to iommu group 61
pci 0000:c0:08.0: Adding to iommu group 62
pci 0000:c0:08.1: Adding to iommu group 63
pci 0000:c1:00.0: Adding to iommu group 59
pci 0000:c1:00.1: Adding to iommu group 59
pci 0000:c2:00.0: Adding to iommu group 59
pci 0000:c3:00.0: Adding to iommu group 59
pci 0000:c4:00.0: Adding to iommu group 64
pci 0000:c4:00.1: Adding to iommu group 64
pci 0000:c5:00.0: Adding to iommu group 65
pci 0000:c5:00.2: Adding to iommu group 66
pci 0000:c6:00.0: Adding to iommu group 67
pci 0000:c6:00.2: Adding to iommu group 68
pci 0000:c0:00.2: AMD-Vi: Found IOMMU cap 0x40
AMD-Vi: Extended features (0x59f77efa2094ade): PPR X2APIC NX GT IA GA PC
pci 0000:80:00.2: AMD-Vi: Found IOMMU cap 0x40
AMD-Vi: Extended features (0x59f77efa2094ade): PPR X2APIC NX GT IA GA PC
pci 0000:40:00.2: AMD-Vi: Found IOMMU cap 0x40
AMD-Vi: Extended features (0x59f77efa2094ade): PPR X2APIC NX GT IA GA PC
pci 0000:00:00.2: AMD-Vi: Found IOMMU cap 0x40
AMD-Vi: Extended features (0x59f77efa2094ade): PPR X2APIC NX GT IA GA PC
AMD-Vi: Interrupt remapping enabled
AMD-Vi: X2APIC enabled
AMD-Vi: Lazy IO/TLB flushing enabled
amd_uncore: 4  amd_df counters detected
amd_uncore: 6  amd_l3 counters detected
LVT offset 0 assigned for vector 0x400
perf: AMD IBS detected (0x000003ff)
perf/amd_iommu: Detected AMD IOMMU #0 (2 banks, 4 counters/bank).
perf/amd_iommu: Detected AMD IOMMU #1 (2 banks, 4 counters/bank).
perf/amd_iommu: Detected AMD IOMMU #2 (2 banks, 4 counters/bank).
perf/amd_iommu: Detected AMD IOMMU #3 (2 banks, 4 counters/bank).
check: Scanning for low memory corruption every 60 seconds
Initialise system trusted keyrings
workingset: timestamp_bits=40 max_order=27 bucket_order=0
zbud: loaded
Key type asymmetric registered
Asymmetric key parser 'x509' registered
Block layer SCSI generic (bsg) driver version 0.4 loaded (major 251)
io scheduler mq-deadline registered
io scheduler kyber registered
pcieport 0000:00:01.1: PME: Signaling with IRQ 30
pcieport 0000:00:03.1: PME: Signaling with IRQ 31
pcieport 0000:00:03.2: PME: Signaling with IRQ 32
pcieport 0000:00:07.1: PME: Signaling with IRQ 34
pcieport 0000:00:08.1: PME: Signaling with IRQ 35
pcieport 0000:40:01.1: PME: Signaling with IRQ 36
pcieport 0000:40:07.1: PME: Signaling with IRQ 38
pcieport 0000:40:08.1: PME: Signaling with IRQ 39
pcieport 0000:80:07.1: PME: Signaling with IRQ 41
pcieport 0000:80:08.1: PME: Signaling with IRQ 43
pcieport 0000:80:08.2: PME: Signaling with IRQ 44
pcieport 0000:c0:01.1: PME: Signaling with IRQ 45
pcieport 0000:c0:05.1: PME: Signaling with IRQ 46
pcieport 0000:c0:05.2: PME: Signaling with IRQ 47
pcieport 0000:c0:07.1: PME: Signaling with IRQ 49
pcieport 0000:c0:08.1: PME: Signaling with IRQ 51
efifb: probing for efifb
efifb: No BGRT, not showing boot graphics
efifb: framebuffer at 0xc6000000, using 3072k, total 3072k
efifb: mode is 1024x768x32, linelength=4096, pages=1
efifb: scrolling: redraw
efifb: Truecolor: size=8:8:8:8, shift=24:16:8:0
fbcon: Deferring console take-over
fb0: EFI VGA frame buffer device
Monitor-Mwait will be used to enter C-1 state
ACPI: \_SB_.C000: Found 2 idle states
ACPI: \_SB_.C002: Found 2 idle states
ACPI: \_SB_.C004: Found 2 idle states
ACPI: \_SB_.C006: Found 2 idle states
ACPI: \_SB_.C008: Found 2 idle states
ACPI: \_SB_.C00A: Found 2 idle states
ACPI: \_SB_.C00C: Found 2 idle states
ACPI: \_SB_.C00E: Found 2 idle states
ACPI: \_SB_.C010: Found 2 idle states
ACPI: \_SB_.C012: Found 2 idle states
ACPI: \_SB_.C014: Found 2 idle states
ACPI: \_SB_.C016: Found 2 idle states
ACPI: \_SB_.C018: Found 2 idle states
ACPI: \_SB_.C01A: Found 2 idle states
ACPI: \_SB_.C01C: Found 2 idle states
ACPI: \_SB_.C01E: Found 2 idle states
ACPI: \_SB_.C020: Found 2 idle states
ACPI: \_SB_.C022: Found 2 idle states
ACPI: \_SB_.C024: Found 2 idle states
ACPI: \_SB_.C026: Found 2 idle states
ACPI: \_SB_.C028: Found 2 idle states
ACPI: \_SB_.C02A: Found 2 idle states
ACPI: \_SB_.C02C: Found 2 idle states
ACPI: \_SB_.C02E: Found 2 idle states
ACPI: \_SB_.C030: Found 2 idle states
ACPI: \_SB_.C032: Found 2 idle states
ACPI: \_SB_.C034: Found 2 idle states
ACPI: \_SB_.C036: Found 2 idle states
ACPI: \_SB_.C038: Found 2 idle states
ACPI: \_SB_.C03A: Found 2 idle states
ACPI: \_SB_.C03C: Found 2 idle states
ACPI: \_SB_.C03E: Found 2 idle states
ACPI: \_SB_.C040: Found 2 idle states
ACPI: \_SB_.C042: Found 2 idle states
ACPI: \_SB_.C044: Found 2 idle states
ACPI: \_SB_.C046: Found 2 idle states
ACPI: \_SB_.C048: Found 2 idle states
ACPI: \_SB_.C04A: Found 2 idle states
ACPI: \_SB_.C04C: Found 2 idle states
ACPI: \_SB_.C04E: Found 2 idle states
ACPI: \_SB_.C050: Found 2 idle states
ACPI: \_SB_.C052: Found 2 idle states
ACPI: \_SB_.C054: Found 2 idle states
ACPI: \_SB_.C056: Found 2 idle states
ACPI: \_SB_.C058: Found 2 idle states
ACPI: \_SB_.C05A: Found 2 idle states
ACPI: \_SB_.C05C: Found 2 idle states
ACPI: \_SB_.C05E: Found 2 idle states
ACPI: \_SB_.C060: Found 2 idle states
ACPI: \_SB_.C062: Found 2 idle states
ACPI: \_SB_.C064: Found 2 idle states
ACPI: \_SB_.C066: Found 2 idle states
ACPI: \_SB_.C068: Found 2 idle states
ACPI: \_SB_.C06A: Found 2 idle states
ACPI: \_SB_.C06C: Found 2 idle states
ACPI: \_SB_.C06E: Found 2 idle states
ACPI: \_SB_.C070: Found 2 idle states
ACPI: \_SB_.C072: Found 2 idle states
ACPI: \_SB_.C074: Found 2 idle states
ACPI: \_SB_.C076: Found 2 idle states
ACPI: \_SB_.C078: Found 2 idle states
ACPI: \_SB_.C07A: Found 2 idle states
ACPI: \_SB_.C07C: Found 2 idle states
ACPI: \_SB_.C07E: Found 2 idle states
ACPI: \_SB_.C001: Found 2 idle states
ACPI: \_SB_.C003: Found 2 idle states
ACPI: \_SB_.C005: Found 2 idle states
ACPI: \_SB_.C007: Found 2 idle states
ACPI: \_SB_.C009: Found 2 idle states
ACPI: \_SB_.C00B: Found 2 idle states
ACPI: \_SB_.C00D: Found 2 idle states
ACPI: \_SB_.C00F: Found 2 idle states
ACPI: \_SB_.C011: Found 2 idle states
ACPI: \_SB_.C013: Found 2 idle states
ACPI: \_SB_.C015: Found 2 idle states
ACPI: \_SB_.C017: Found 2 idle states
ACPI: \_SB_.C019: Found 2 idle states
ACPI: \_SB_.C01B: Found 2 idle states
ACPI: \_SB_.C01D: Found 2 idle states
ACPI: \_SB_.C01F: Found 2 idle states
ACPI: \_SB_.C021: Found 2 idle states
ACPI: \_SB_.C023: Found 2 idle states
ACPI: \_SB_.C025: Found 2 idle states
ACPI: \_SB_.C027: Found 2 idle states
ACPI: \_SB_.C029: Found 2 idle states
ACPI: \_SB_.C02B: Found 2 idle states
ACPI: \_SB_.C02D: Found 2 idle states
ACPI: \_SB_.C02F: Found 2 idle states
ACPI: \_SB_.C031: Found 2 idle states
ACPI: \_SB_.C033: Found 2 idle states
ACPI: \_SB_.C035: Found 2 idle states
ACPI: \_SB_.C037: Found 2 idle states
ACPI: \_SB_.C039: Found 2 idle states
ACPI: \_SB_.C03B: Found 2 idle states
ACPI: \_SB_.C03D: Found 2 idle states
ACPI: \_SB_.C03F: Found 2 idle states
ACPI: \_SB_.C041: Found 2 idle states
ACPI: \_SB_.C043: Found 2 idle states
ACPI: \_SB_.C045: Found 2 idle states
ACPI: \_SB_.C047: Found 2 idle states
ACPI: \_SB_.C049: Found 2 idle states
ACPI: \_SB_.C04B: Found 2 idle states
ACPI: \_SB_.C04D: Found 2 idle states
ACPI: \_SB_.C04F: Found 2 idle states
ACPI: \_SB_.C051: Found 2 idle states
ACPI: \_SB_.C053: Found 2 idle states
ACPI: \_SB_.C055: Found 2 idle states
ACPI: \_SB_.C057: Found 2 idle states
ACPI: \_SB_.C059: Found 2 idle states
ACPI: \_SB_.C05B: Found 2 idle states
ACPI: \_SB_.C05D: Found 2 idle states
ACPI: \_SB_.C05F: Found 2 idle states
ACPI: \_SB_.C061: Found 2 idle states
ACPI: \_SB_.C063: Found 2 idle states
ACPI: \_SB_.C065: Found 2 idle states
ACPI: \_SB_.C067: Found 2 idle states
ACPI: \_SB_.C069: Found 2 idle states
ACPI: \_SB_.C06B: Found 2 idle states
ACPI: \_SB_.C06D: Found 2 idle states
ACPI: \_SB_.C06F: Found 2 idle states
ACPI: \_SB_.C071: Found 2 idle states
ACPI: \_SB_.C073: Found 2 idle states
ACPI: \_SB_.C075: Found 2 idle states
ACPI: \_SB_.C077: Found 2 idle states
ACPI: \_SB_.C079: Found 2 idle states
ACPI: \_SB_.C07B: Found 2 idle states
ACPI: \_SB_.C07D: Found 2 idle states
ACPI: \_SB_.C07F: Found 2 idle states
00:03: ttyS0 at I/O 0x3f8 (irq = 4, base_baud = 115200) is a 16550A
00:04: ttyS1 at I/O 0x2f8 (irq = 3, base_baud = 115200) is a 16550A
drop_monitor: Initializing network drop monitor service
NET: Registered protocol family 10
Segment Routing with IPv6
microcode: CPU0: patch_level=0x0a00111d
microcode: CPU1: patch_level=0x0a00111d
microcode: CPU2: patch_level=0x0a00111d
microcode: CPU3: patch_level=0x0a00111d
microcode: CPU4: patch_level=0x0a00111d
microcode: CPU5: patch_level=0x0a00111d
microcode: CPU6: patch_level=0x0a00111d
microcode: CPU7: patch_level=0x0a00111d
microcode: CPU8: patch_level=0x0a00111d
microcode: CPU9: patch_level=0x0a00111d
microcode: CPU10: patch_level=0x0a00111d
microcode: CPU11: patch_level=0x0a00111d
microcode: CPU12: patch_level=0x0a00111d
microcode: CPU13: patch_level=0x0a00111d
microcode: CPU14: patch_level=0x0a00111d
microcode: CPU15: patch_level=0x0a00111d
microcode: CPU16: patch_level=0x0a00111d
microcode: CPU17: patch_level=0x0a00111d
microcode: CPU18: patch_level=0x0a00111d
microcode: CPU19: patch_level=0x0a00111d
microcode: CPU20: patch_level=0x0a00111d
microcode: CPU21: patch_level=0x0a00111d
microcode: CPU22: patch_level=0x0a00111d
microcode: CPU23: patch_level=0x0a00111d
microcode: CPU24: patch_level=0x0a00111d
microcode: CPU25: patch_level=0x0a00111d
microcode: CPU26: patch_level=0x0a00111d
microcode: CPU27: patch_level=0x0a00111d
microcode: CPU28: patch_level=0x0a00111d
microcode: CPU29: patch_level=0x0a00111d
microcode: CPU30: patch_level=0x0a00111d
microcode: CPU31: patch_level=0x0a00111d
microcode: CPU32: patch_level=0x0a00111d
microcode: CPU33: patch_level=0x0a00111d
microcode: CPU34: patch_level=0x0a00111d
microcode: CPU35: patch_level=0x0a00111d
microcode: CPU36: patch_level=0x0a00111d
microcode: CPU37: patch_level=0x0a00111d
microcode: CPU38: patch_level=0x0a00111d
microcode: CPU39: patch_level=0x0a00111d
microcode: CPU40: patch_level=0x0a00111d
microcode: CPU41: patch_level=0x0a00111d
microcode: CPU42: patch_level=0x0a00111d
microcode: CPU43: patch_level=0x0a00111d
microcode: CPU44: patch_level=0x0a00111d
microcode: CPU45: patch_level=0x0a00111d
microcode: CPU46: patch_level=0x0a00111d
microcode: CPU47: patch_level=0x0a00111d
microcode: CPU48: patch_level=0x0a00111d
microcode: CPU49: patch_level=0x0a00111d
microcode: CPU50: patch_level=0x0a00111d
microcode: CPU51: patch_level=0x0a00111d
microcode: CPU52: patch_level=0x0a00111d
microcode: CPU53: patch_level=0x0a00111d
microcode: CPU54: patch_level=0x0a00111d
microcode: CPU55: patch_level=0x0a00111d
microcode: CPU56: patch_level=0x0a00111d
microcode: CPU57: patch_level=0x0a00111d
microcode: CPU58: patch_level=0x0a00111d
microcode: CPU59: patch_level=0x0a00111d
microcode: CPU60: patch_level=0x0a00111d
microcode: CPU61: patch_level=0x0a00111d
microcode: CPU62: patch_level=0x0a00111d
microcode: CPU63: patch_level=0x0a00111d
microcode: CPU64: patch_level=0x0a00111d
microcode: CPU65: patch_level=0x0a00111d
microcode: CPU66: patch_level=0x0a00111d
microcode: CPU67: patch_level=0x0a00111d
microcode: CPU68: patch_level=0x0a00111d
microcode: CPU69: patch_level=0x0a00111d
microcode: CPU70: patch_level=0x0a00111d
microcode: CPU71: patch_level=0x0a00111d
microcode: CPU72: patch_level=0x0a00111d
microcode: CPU73: patch_level=0x0a00111d
microcode: CPU74: patch_level=0x0a00111d
microcode: CPU75: patch_level=0x0a00111d
microcode: CPU76: patch_level=0x0a00111d
microcode: CPU77: patch_level=0x0a00111d
microcode: CPU78: patch_level=0x0a00111d
microcode: CPU79: patch_level=0x0a00111d
microcode: CPU80: patch_level=0x0a00111d
microcode: CPU81: patch_level=0x0a00111d
microcode: CPU82: patch_level=0x0a00111d
microcode: CPU83: patch_level=0x0a00111d
microcode: CPU84: patch_level=0x0a00111d
microcode: CPU85: patch_level=0x0a00111d
microcode: CPU86: patch_level=0x0a00111d
microcode: CPU87: patch_level=0x0a00111d
microcode: CPU88: patch_level=0x0a00111d
microcode: CPU89: patch_level=0x0a00111d
microcode: CPU90: patch_level=0x0a00111d
microcode: CPU91: patch_level=0x0a00111d
microcode: CPU92: patch_level=0x0a00111d
microcode: CPU93: patch_level=0x0a00111d
microcode: CPU94: patch_level=0x0a00111d
microcode: CPU95: patch_level=0x0a00111d
microcode: CPU96: patch_level=0x0a00111d
microcode: CPU97: patch_level=0x0a00111d
microcode: CPU98: patch_level=0x0a00111d
microcode: CPU99: patch_level=0x0a00111d
microcode: CPU100: patch_level=0x0a00111d
microcode: CPU101: patch_level=0x0a00111d
microcode: CPU102: patch_level=0x0a00111d
microcode: CPU103: patch_level=0x0a00111d
microcode: CPU104: patch_level=0x0a00111d
microcode: CPU105: patch_level=0x0a00111d
microcode: CPU106: patch_level=0x0a00111d
microcode: CPU107: patch_level=0x0a00111d
microcode: CPU108: patch_level=0x0a00111d
microcode: CPU109: patch_level=0x0a00111d
microcode: CPU110: patch_level=0x0a00111d
microcode: CPU111: patch_level=0x0a00111d
microcode: CPU112: patch_level=0x0a00111d
microcode: CPU113: patch_level=0x0a00111d
microcode: CPU114: patch_level=0x0a00111d
microcode: CPU115: patch_level=0x0a00111d
microcode: CPU116: patch_level=0x0a00111d
microcode: CPU117: patch_level=0x0a00111d
microcode: CPU118: patch_level=0x0a00111d
microcode: CPU119: patch_level=0x0a00111d
microcode: CPU120: patch_level=0x0a00111d
microcode: CPU121: patch_level=0x0a00111d
microcode: CPU122: patch_level=0x0a00111d
microcode: CPU123: patch_level=0x0a00111d
microcode: CPU124: patch_level=0x0a00111d
microcode: CPU125: patch_level=0x0a00111d
microcode: CPU126: patch_level=0x0a00111d
microcode: CPU127: patch_level=0x0a00111d
microcode: Microcode Update Driver: v2.2.
IPI shorthand broadcast: enabled
sched_clock: Marking stable (1499405184, 378151)->(1635779706, -135996371)
registered taskstats version 1
Loading compiled-in X.509 certificates
zswap: loaded using pool lzo/zbud
Key type ._fscrypt registered
Key type .fscrypt registered
Key type fscrypt-provisioning registered
Freeing unused kernel image (initmem) memory: 1580K
Write protecting the kernel read-only data: 20480k
Freeing unused kernel image (text/rodata gap) memory: 2040K
Freeing unused kernel image (rodata/data gap) memory: 436K
Run /init as init process
  with arguments:
    /init
  with environment:
    HOME=/
    TERM=linux
fbcon: Taking over console
Console: switching to colour frame buffer device 128x48
stage-1-init: [Sat Dec 18 21:51:57 UTC 2021] loading module zfs...
spl: loading out-of-tree module taints kernel.
znvpair: module license 'CDDL' taints kernel.
Disabling lock debugging due to kernel taint
ZFS: Loaded module v2.1.1-1, ZFS pool version 5000, ZFS filesystem version 5
stage-1-init: [Sat Dec 18 21:51:57 UTC 2021] loading module dm_mod...
device-mapper: ioctl: 4.43.0-ioctl (2020-10-01) initialised: dm-devel@redhat.com
stage-1-init: [Sat Dec 18 21:51:57 UTC 2021] running udev...
stage-1-init: [Sat Dec 18 21:51:57 UTC 2021] Starting version 249.5
rtc_cmos 00:02: RTC can wake from S4
rtc_cmos 00:02: registered as rtc0
rtc_cmos 00:02: alarms up to one month, y3k, 114 bytes nvram, hpet irqs
SCSI subsystem initialized
nvme nvme0: pci function 0000:03:00.0
nvme nvme1: pci function 0000:41:00.0
ACPI: bus type USB registered
usbcore: registered new interface driver usbfs
usbcore: registered new interface driver hub
usbcore: registered new device driver usb
megasas: 07.714.04.00-rc1
megaraid_sas 0000:01:00.0: BAR:0x1  BAR's base_addr(phys):0x00000000f7400000  mapped virt_addr:0x00000000aaa96a37
megaraid_sas 0000:01:00.0: FW now in Ready state
megaraid_sas 0000:01:00.0: 63 bit DMA mask and 32 bit consistent mask
megaraid_sas 0000:01:00.0: firmware supports msix	: (96)
megaraid_sas 0000:01:00.0: requested/available msix 96/96
megaraid_sas 0000:01:00.0: current msix/online cpus	: (96/128)
megaraid_sas 0000:01:00.0: RDPQ mode	: (disabled)
megaraid_sas 0000:01:00.0: Current firmware supports maximum commands: 928	 LDIO threshold: 237
megaraid_sas 0000:01:00.0: Configured max firmware commands: 927
megaraid_sas 0000:01:00.0: Performance mode :Latency
megaraid_sas 0000:01:00.0: FW supports sync cache	: No
megaraid_sas 0000:01:00.0: megasas_disable_intr_fusion is called outbound_intr_mask:0x40000009
libata version 3.00 loaded.
nvme nvme0: Shutdown timeout set to 10 seconds
nvme nvme1: Shutdown timeout set to 10 seconds
ahci 0000:83:00.0: version 3.0
xhci_hcd 0000:05:00.3: xHCI Host Controller
xhci_hcd 0000:05:00.3: new USB bus registered, assigned bus number 1
xhci_hcd 0000:05:00.3: hcc params 0x0260ffe5 hci version 0x110 quirks 0x0000000000000410
usb usb1: New USB device found, idVendor=1d6b, idProduct=0002, bcdDevice= 5.10
usb usb1: New USB device strings: Mfr=3, Product=2, SerialNumber=1
usb usb1: Product: xHCI Host Controller
usb usb1: Manufacturer: Linux 5.10.81 xhci-hcd
usb usb1: SerialNumber: 0000:05:00.3
hub 1-0:1.0: USB hub found
hub 1-0:1.0: 2 ports detected
xhci_hcd 0000:05:00.3: xHCI Host Controller
xhci_hcd 0000:05:00.3: new USB bus registered, assigned bus number 2
xhci_hcd 0000:05:00.3: Host supports USB 3.1 Enhanced SuperSpeed
usb usb2: We don't know the algorithms for LPM for this host, disabling LPM.
usb usb2: New USB device found, idVendor=1d6b, idProduct=0003, bcdDevice= 5.10
usb usb2: New USB device strings: Mfr=3, Product=2, SerialNumber=1
usb usb2: Product: xHCI Host Controller
usb usb2: Manufacturer: Linux 5.10.81 xhci-hcd
usb usb2: SerialNumber: 0000:05:00.3
hub 2-0:1.0: USB hub found
hub 2-0:1.0: 2 ports detected
xhci_hcd 0000:43:00.3: xHCI Host Controller
xhci_hcd 0000:43:00.3: new USB bus registered, assigned bus number 3
xhci_hcd 0000:43:00.3: hcc params 0x0260ffe5 hci version 0x110 quirks 0x0000000000000410
usb usb3: New USB device found, idVendor=1d6b, idProduct=0002, bcdDevice= 5.10
usb usb3: New USB device strings: Mfr=3, Product=2, SerialNumber=1
usb usb3: Product: xHCI Host Controller
usb usb3: Manufacturer: Linux 5.10.81 xhci-hcd
usb usb3: SerialNumber: 0000:43:00.3
hub 3-0:1.0: USB hub found
hub 3-0:1.0: 2 ports detected
xhci_hcd 0000:43:00.3: xHCI Host Controller
xhci_hcd 0000:43:00.3: new USB bus registered, assigned bus number 4
xhci_hcd 0000:43:00.3: Host supports USB 3.1 Enhanced SuperSpeed
usb usb4: We don't know the algorithms for LPM for this host, disabling LPM.
usb usb4: New USB device found, idVendor=1d6b, idProduct=0003, bcdDevice= 5.10
usb usb4: New USB device strings: Mfr=3, Product=2, SerialNumber=1
usb usb4: Product: xHCI Host Controller
usb usb4: Manufacturer: Linux 5.10.81 xhci-hcd
usb usb4: SerialNumber: 0000:43:00.3
hub 4-0:1.0: USB hub found
hub 4-0:1.0: 2 ports detected
ahci 0000:83:00.0: AHCI 0001.0301 32 slots 8 ports 6 Gbps 0xff impl SATA mode
ahci 0000:83:00.0: flags: 64bit ncq sntf ilck pm led clo only pmp fbs pio slum part 
scsi host1: ahci
scsi host2: ahci
scsi host3: ahci
scsi host4: ahci
scsi host5: ahci
scsi host6: ahci
scsi host7: ahci
scsi host8: ahci
ata1: SATA max UDMA/133 abar m2048@0xbf000000 port 0xbf000100 irq 410
ata2: SATA max UDMA/133 abar m2048@0xbf000000 port 0xbf000180 irq 411
ata3: SATA max UDMA/133 abar m2048@0xbf000000 port 0xbf000200 irq 412
ata4: SATA max UDMA/133 abar m2048@0xbf000000 port 0xbf000280 irq 413
ata5: SATA max UDMA/133 abar m2048@0xbf000000 port 0xbf000300 irq 414
ata6: SATA max UDMA/133 abar m2048@0xbf000000 port 0xbf000380 irq 415
ata7: SATA max UDMA/133 abar m2048@0xbf000000 port 0xbf000400 irq 416
ata8: SATA max UDMA/133 abar m2048@0xbf000000 port 0xbf000480 irq 417
nvme nvme1: 128/0/0 default/read/poll queues
nvme nvme0: 128/0/0 default/read/poll queues
 nvme0n1: p1 p2
megaraid_sas 0000:01:00.0: FW provided supportMaxExtLDs: 0	max_lds: 32
megaraid_sas 0000:01:00.0: controller type	: iMR(0MB)
megaraid_sas 0000:01:00.0: Online Controller Reset(OCR)	: Enabled
megaraid_sas 0000:01:00.0: Secure JBOD support	: No
megaraid_sas 0000:01:00.0: NVMe passthru support	: No
megaraid_sas 0000:01:00.0: FW provided TM TaskAbort/Reset timeout	: 0 secs/0 secs
megaraid_sas 0000:01:00.0: JBOD sequence map support	: No
megaraid_sas 0000:01:00.0: PCI Lane Margining support	: No
megaraid_sas 0000:01:00.0: megasas_enable_intr_fusion is called outbound_intr_mask:0x40000000
megaraid_sas 0000:01:00.0: INIT adapter done
megaraid_sas 0000:01:00.0: JBOD sequence map is disabled megasas_setup_jbod_map 5742
usb 1-1: new high-speed USB device number 2 using xhci_hcd
usb 3-1: new high-speed USB device number 2 using xhci_hcd
megaraid_sas 0000:01:00.0: pci id		: (0x1000)/(0x005f)/(0x1028)/(0x1f4b)
megaraid_sas 0000:01:00.0: unevenspan support	: yes
megaraid_sas 0000:01:00.0: firmware crash dump	: no
megaraid_sas 0000:01:00.0: JBOD sequence map	: disabled
scsi host0: Avago SAS based MegaRAID driver
scsi 0:0:0:0: Direct-Access     TOSHIBA  AL15SEB060NY     EF06 PQ: 0 ANSI: 6
sd 0:0:0:0: [sda] Disabling DIF Type 2 protection
sd 0:0:0:0: [sda] 1172123568 512-byte logical blocks: (600 GB/559 GiB)
sd 0:0:0:0: [sda] Write Protect is off
sd 0:0:0:0: [sda] Mode Sense: d3 00 10 08
sd 0:0:0:0: [sda] Write cache: disabled, read cache: enabled, supports DPO and FUA
ata4: SATA link down (SStatus 0 SControl 300)
ata6: SATA link down (SStatus 0 SControl 300)
ata5: SATA link down (SStatus 0 SControl 300)
ata7: SATA link down (SStatus 0 SControl 300)
ata3: SATA link down (SStatus 0 SControl 300)
ata8: SATA link down (SStatus 0 SControl 300)
ata2: SATA link down (SStatus 0 SControl 300)
ata1: SATA link down (SStatus 0 SControl 300)
usb 1-1: New USB device found, idVendor=0424, idProduct=2744, bcdDevice= 1.21
usb 1-1: New USB device strings: Mfr=1, Product=2, SerialNumber=0
usb 1-1: Product: USB2734
usb 1-1: Manufacturer: Microchip Tech
usb 3-1: New USB device found, idVendor=1604, idProduct=10c0, bcdDevice= 0.00
usb 3-1: New USB device strings: Mfr=0, Product=0, SerialNumber=0
sd 0:0:0:0: [sda] Attached SCSI disk
hub 1-1:1.0: USB hub found
hub 1-1:1.0: 4 ports detected
hub 3-1:1.0: USB hub found
hub 3-1:1.0: 4 ports detected
usb 2-1: new SuperSpeed Gen 1 USB device number 2 using xhci_hcd
usb 2-1: New USB device found, idVendor=0424, idProduct=5744, bcdDevice= 1.21
usb 2-1: New USB device strings: Mfr=2, Product=3, SerialNumber=0
usb 2-1: Product: USB5734
usb 2-1: Manufacturer: Microchip Tech
hub 2-1:1.0: USB hub found
hub 2-1:1.0: 4 ports detected
stage-1-init: [Sat Dec 18 21:51:58 UTC 2021] starting device mapper and LVM...
stage-1-init: [Sat Dec 18 21:51:58 UTC 2021] 6 logical volume(s) in volume group "swissknife" now active
tsc: Refined TSC clocksource calibration: 1996.249 MHz
clocksource: tsc: mask: 0xffffffffffffffff max_cycles: 0x398cadd9d93, max_idle_ns: 881590552906 ns
clocksource: Switched to clocksource tsc
usb 3-1.1: new high-speed USB device number 3 using xhci_hcd
usb 3-1.1: New USB device found, idVendor=1604, idProduct=10c0, bcdDevice= 0.00
usb 3-1.1: New USB device strings: Mfr=0, Product=0, SerialNumber=0
hub 3-1.1:1.0: USB hub found
hub 3-1.1:1.0: 4 ports detected
usb 3-1.4: new high-speed USB device number 4 using xhci_hcd
usb 3-1.4: New USB device found, idVendor=1604, idProduct=10c0, bcdDevice= 0.00
usb 3-1.4: New USB device strings: Mfr=0, Product=0, SerialNumber=0
hub 3-1.4:1.0: USB hub found
hub 3-1.4:1.0: 4 ports detected
stage-1-init: [Sat Dec 18 21:52:00 UTC 2021] importing root ZFS pool "zroot"...
stage-1-init: [Sat Dec 18 21:52:01 UTC 2021] mounting zroot/root/nixos on /...
booting system configuration /nix/store/gcadgicjpq5x7nr8rarvwmwwr4i3nzjq-nixos-system-ryan-21.11.20211205.b1fa84f
stage-2-init: running activation script...
stage-2-init: setting up secrets for users...
stage-2-init: sops-install-secrets: Imported /etc/ssh/ssh_host_rsa_key with fingerprint b210646b7e6ee974abfa4ffb6506318aa85efc40
stage-2-init: /nix/store/jrg1i4d40s8r8gbs8qwgs22vsgs8h4si-sops-install-secrets-0.0.1/bin/sops-install-secrets: Failed to decrypt '/nix/store/850i30kmv0krm7yppsrswi4i4azj3k56-secrets.yml': Error getting data key: 0 successful groups required, got 0
stage-2-init: Activation script snippet 'setupSecretsForUsers' failed (1)
stage-2-init: warning: password file /run/secrets-for-users/root-password does not exist
stage-2-init: setting up /etc...
stage-2-init: setting up secrets...
stage-2-init: sops-install-secrets: Imported /etc/ssh/ssh_host_rsa_key with fingerprint b210646b7e6ee974abfa4ffb6506318aa85efc40
stage-2-init: /nix/store/jrg1i4d40s8r8gbs8qwgs22vsgs8h4si-sops-install-secrets-0.0.1/bin/sops-install-secrets: Failed to decrypt '/nix/store/850i30kmv0krm7yppsrswi4i4azj3k56-secrets.yml': Error getting data key: 0 successful groups required, got 0
stage-2-init: Activation script snippet 'setupSecrets' failed (1)
systemd[1]: Inserted module 'autofs4'
systemd[1]: Successfully credited entropy passed from boot loader.
systemd[1]: systemd 249.5 running in system mode (+PAM +AUDIT -SELINUX +APPARMOR +IMA +SMACK +SECCOMP +GCRYPT -GNUTLS +OPENSSL +ACL +BLKID +CURL -ELFUTILS +FIDO2 +IDN2 -IDN +IPTC +KMOD +LIBCRYPTSETUP +LIBFDISK +PCRE2 -PWQUALITY -P11KIT -QRENCODE +BZIP2 +LZ4 +XZ +ZLIB -ZSTD -XKBCOMMON +UTMP -SYSVINIT default-hierarchy=unified)
systemd[1]: Detected architecture x86-64.
systemd[1]: Queued start job for default target Multi-User System.
systemd[1]: Created slice Slice /system/getty.
systemd[1]: Created slice Slice /system/modprobe.
systemd[1]: Created slice Slice /system/serial-getty.
systemd[1]: Created slice Slice /system/systemd-fsck.
systemd[1]: Created slice User and Session Slice.
systemd[1]: Started Dispatch Password Requests to Console Directory Watch.
systemd[1]: Started Forward Password Requests to Wall Directory Watch.
systemd[1]: Reached target Local Encrypted Volumes.
systemd[1]: Reached target Containers.
systemd[1]: Reached target Path Units.
systemd[1]: Reached target Remote File Systems.
systemd[1]: Reached target Slice Units.
systemd[1]: Reached target Swaps.
systemd[1]: Reached target ZFS pool import target.
systemd[1]: Listening on Process Core Dump Socket.
systemd[1]: Listening on Journal Audit Socket.
systemd[1]: Listening on Journal Socket (/dev/log).
systemd[1]: Listening on Journal Socket.
systemd[1]: Listening on Network Service Netlink Socket.
systemd[1]: Listening on udev Control Socket.
systemd[1]: Listening on udev Kernel Socket.
systemd[1]: Mounting Huge Pages File System...
systemd[1]: Mounting POSIX Message Queue File System...
systemd[1]: Mounting Kernel Debug File System...
systemd[1]: Starting Create List of Static Device Nodes...
systemd[1]: Starting Load Kernel Module configfs...
systemd[1]: Starting Load Kernel Module drm...
systemd[1]: Starting Load Kernel Module fuse...
systemd[1]: Starting mount-pstore.service...
fuse: init (API version 7.32)
Linux agpgart interface v0.103
systemd[1]: Condition check resulted in File System Check on Root Device being skipped.
systemd[1]: Starting Journal Service...
systemd[1]: Starting Load Kernel Modules...
systemd[1]: Starting Remount Root and Kernel File Systems...
audit: type=1334 audit(1639864323.208:2): prog-id=40 op=LOAD
audit: type=1334 audit(1639864323.208:3): prog-id=41 op=LOAD
systemd[1]: Starting Coldplug All udev Devices...
audit: type=1334 audit(1639864323.215:4): prog-id=42 op=LOAD
audit: type=1334 audit(1639864323.215:5): prog-id=43 op=LOAD
audit: type=1334 audit(1639864323.215:6): prog-id=5 op=UNLOAD
audit: type=1334 audit(1639864323.215:7): prog-id=6 op=UNLOAD
audit: type=1334 audit(1639864323.216:8): prog-id=44 op=LOAD
audit: type=1334 audit(1639864323.216:9): prog-id=45 op=LOAD
audit: type=1334 audit(1639864323.216:10): prog-id=3 op=UNLOAD
audit: type=1334 audit(1639864323.216:11): prog-id=4 op=UNLOAD
systemd[1]: Mounted Huge Pages File System.
systemd[1]: Mounted POSIX Message Queue File System.
systemd[1]: Mounted Kernel Debug File System.
systemd[1]: Finished Create List of Static Device Nodes.
systemd[1]: modprobe@configfs.service: Deactivated successfully.
systemd[1]: Finished Load Kernel Module configfs.
systemd[1]: modprobe@drm.service: Deactivated successfully.
systemd[1]: Finished Load Kernel Module drm.
systemd[1]: modprobe@fuse.service: Deactivated successfully.
systemd[1]: Finished Load Kernel Module fuse.
systemd[1]: Finished Remount Root and Kernel File Systems.
systemd[1]: Mounting FUSE Control File System...
systemd[1]: Mounting Kernel Configuration File System...
systemd[1]: Starting Load/Save Random Seed...
systemd[1]: Starting Create Static Device Nodes in /dev...
systemd[1]: Started Journal Service.
kvm: Nested Virtualization enabled
SVM: kvm: Nested Paging enabled
SVM: Virtual VMLOAD VMSAVE supported
SVM: Virtual GIF supported
bridge: filtering via arp/ip/ip6tables is no longer available by default. Update your scripts to load br_netfilter if you need this.
systemd-journald[4142]: Received client request to flush runtime journal.
tun: Universal TUN/TAP device driver, 1.6
input: Power Button as /devices/LNXSYSTM:00/LNXSYBUS:00/PNP0C0C:00/input/input0
ACPI: Power Button [PWRB]
input: Power Button as /devices/LNXSYSTM:00/LNXPWRBN:00/input/input1
ACPI: Power Button [PWRF]
ACPI Error: No handler for Region [SYSI] (00000000b7fa46f7) [IPMI] (20200925/evregion-129)
ACPI Error: Region IPMI (ID=7) has no handler (20200925/exfldio-261)
ACPI Error: Aborting method \_SB.PMI0._GHL due to previous error (AE_NOT_EXIST) (20200925/psparse-529)
ACPI Error: Aborting method \_SB.PMI0._PMC due to previous error (AE_NOT_EXIST) (20200925/psparse-529)
ACPI Error: AE_NOT_EXIST, Evaluating _PMC (20200925/power_meter-746)
IPMI message handler: version 39.2
wmi_bus wmi_bus-PNP0C14:00: WQBC data block query control method not found
piix4_smbus 0000:00:14.0: SMBus Host Controller at 0xb00, revision 0
piix4_smbus 0000:00:14.0: Using register 0x02 for SMBus port selection
pps_core: LinuxPPS API ver. 1 registered
pps_core: Software ver. 5.3.6 - Copyright 2005-2007 Rodolfo Giometti 
piix4_smbus 0000:00:14.0: Auxiliary SMBus Host Controller at 0xb20
ipmi device interface
PTP clock support registered
ipmi_si: IPMI System Interface driver
ipmi_si dmi-ipmi-si.0: ipmi_platform: probing via SMBIOS
ipmi_platform: ipmi_si: SMBIOS: io 0xca8 regsize 1 spacing 4 irq 10
ipmi_si: Adding SMBIOS-specified kcs state machine
ipmi_si IPI0001:00: ipmi_platform: probing via ACPI
ipmi_si IPI0001:00: ipmi_platform: [io  0x0ca8] regsize 1 spacing 4 irq 10
sp5100_tco: SP5100/SB800 TCO WatchDog Timer Driver
sp5100-tco sp5100-tco: Using 0xfed80b00 for watchdog MMIO address
sp5100-tco sp5100-tco: Watchdog hardware is disabled
bnxt_en 0000:02:00.0 eth0: Broadcom BCM57416 NetXtreme-E 10GBase-T Ethernet found at mem e1210000, node addr 2c:ea:7f:af:56:78
bnxt_en 0000:02:00.0: 63.008 Gb/s available PCIe bandwidth (8.0 GT/s PCIe x8 link)
ipmi_si dmi-ipmi-si.0: Removing SMBIOS-specified kcs state machine in favor of ACPI
ipmi_si: Adding ACPI-specified kcs state machine
ipmi_si: Trying ACPI-specified kcs state machine at i/o address 0xca8, slave address 0x20, irq 10
checking generic (c6000000 300000) vs hw (c6000000 1000000)
fb0: switching to mgag200drmfb from EFI VGA
Console: switching to colour dummy device 80x25
mgag200 0000:c3:00.0: vgaarb: deactivate vga console
bnxt_en 0000:02:00.1 eth1: Broadcom BCM57416 NetXtreme-E 10GBase-T Ethernet found at mem e1200000, node addr 2c:ea:7f:af:56:79
bnxt_en 0000:02:00.1: 63.008 Gb/s available PCIe bandwidth (8.0 GT/s PCIe x8 link)
[drm] Initialized mgag200 1.0.0 20110418 for 0000:c3:00.0 on minor 0
fbcon: mgag200drmfb (fb0) is primary device
bnxt_en 0000:c4:00.0 eth2: Broadcom BCM57416 NetXtreme-E 10GBase-T Ethernet found at mem c7310000, node addr e4:3d:1a:72:00:f0
bnxt_en 0000:c4:00.0: 63.008 Gb/s available PCIe bandwidth (8.0 GT/s PCIe x8 link)
tg3 0000:c1:00.0 eth3: Tigon3 [partno(BCM95720) rev 5720000] (PCI Express) MAC address d0:8e:79:ba:1a:28
tg3 0000:c1:00.0 eth3: attached PHY is 5720C (10/100/1000Base-T Ethernet) (WireSpeed[1], EEE[1])
tg3 0000:c1:00.0 eth3: RXcsums[1] LinkChgREG[0] MIirq[0] ASF[1] TSOcap[1]
tg3 0000:c1:00.0 eth3: dma_rwctrl[00000001] dma_mask[64-bit]
bnxt_en 0000:c4:00.1 eth4: Broadcom BCM57416 NetXtreme-E 10GBase-T Ethernet found at mem c7300000, node addr e4:3d:1a:72:00:f1
bnxt_en 0000:c4:00.1: 63.008 Gb/s available PCIe bandwidth (8.0 GT/s PCIe x8 link)
tg3 0000:c1:00.1 eth5: Tigon3 [partno(BCM95720) rev 5720000] (PCI Express) MAC address d0:8e:79:ba:1a:29
tg3 0000:c1:00.1 eth5: attached PHY is 5720C (10/100/1000Base-T Ethernet) (WireSpeed[1], EEE[1])
tg3 0000:c1:00.1 eth5: RXcsums[1] LinkChgREG[0] MIirq[0] ASF[1] TSOcap[1]
tg3 0000:c1:00.1 eth5: dma_rwctrl[00000001] dma_mask[64-bit]
ipmi_si IPI0001:00: The BMC does not support setting the recv irq bit, compensating, but the BMC needs to be fixed.
ipmi_si IPI0001:00: Using irq 10
ipmi_si IPI0001:00: IPMI message handler: Found new BMC (man_id: 0x0002a2, prod_id: 0x0100, dev_id: 0x20)
ipmi_si IPI0001:00: IPMI kcs interface initialized
ipmi_ssif: IPMI SSIF Interface driver
Console: switching to colour frame buffer device 128x48
mgag200 0000:c3:00.0: [drm] fb0: mgag200drmfb frame buffer device
loop: module loaded
pstore: Using crash dump compression: deflate
pstore: Registered efi as persistent store backend
RAPL PMU: API unit is 2^-32 Joules, 1 fixed counters, 163840 ms ovfl timer
RAPL PMU: hw unit of domain package 2^-16 Joules
cryptd: max_cpu_qlen set to 1000
AVX2 version of gcm_enc/dec engaged.
AES CTR mode by8 optimization enabled
EDAC MC: Ver: 3.0.0
MCE: In-kernel MCE decoding enabled.
EDAC amd64: F19h detected (node 0).
EDAC amd64: Node 0: DRAM ECC enabled.
EDAC amd64: MCT channel count: 8
EDAC MC0: Giving out device to module amd64_edac controller F19h: DEV 0000:00:18.3 (INTERRUPT)
EDAC MC: UMC0 chip selects:
EDAC amd64: MC: 0:     0MB 1:     0MB
EDAC amd64: MC: 2: 32768MB 3: 32768MB
EDAC MC: UMC1 chip selects:
EDAC amd64: MC: 0:     0MB 1:     0MB
EDAC amd64: MC: 2: 32768MB 3: 32768MB
EDAC MC: UMC2 chip selects:
EDAC amd64: MC: 0:     0MB 1:     0MB
EDAC amd64: MC: 2: 32768MB 3: 32768MB
EDAC MC: UMC3 chip selects:
EDAC amd64: MC: 0:     0MB 1:     0MB
EDAC amd64: MC: 2: 32768MB 3: 32768MB
EDAC MC: UMC4 chip selects:
EDAC amd64: MC: 0:     0MB 1:     0MB
EDAC amd64: MC: 2: 32768MB 3: 32768MB
EDAC MC: UMC5 chip selects:
EDAC amd64: MC: 0:     0MB 1:     0MB
EDAC amd64: MC: 2: 32768MB 3: 32768MB
EDAC MC: UMC6 chip selects:
EDAC amd64: MC: 0:     0MB 1:     0MB
EDAC amd64: MC: 2: 32768MB 3: 32768MB
EDAC MC: UMC7 chip selects:
EDAC amd64: MC: 0:     0MB 1:     0MB
EDAC amd64: MC: 2: 32768MB 3: 32768MB
EDAC amd64: using x16 syndromes.
EDAC PCI0: Giving out device to module amd64_edac controller EDAC PCI controller: DEV 0000:00:18.0 (POLLED)
AMD64 EDAC driver v3.5.0
dcdbas dcdbas: Dell Systems Management Base Driver (version 5.6.0-3.4)
bnxt_en 0000:02:00.0 enp2s0f0np0: renamed from eth0
bnxt_en 0000:02:00.1 enp2s0f1np1: renamed from eth1
kauditd_printk_skb: 188 callbacks suppressed
audit: type=1130 audit(1639864328.289:131): pid=1 uid=0 auid=4294967295 ses=4294967295 subj=kernel msg='unit=lvm2-pvscan@259:2 comm="systemd" exe="/nix/store/q0881awy50g4srnnwasci37y2jk5sf99-systemd-249.5/lib/systemd/systemd" hostname=? addr=? terminal=? res=success'
tg3 0000:c1:00.0 eno8303: renamed from eth3
audit: type=1334 audit(1639864328.300:132): prog-id=82 op=LOAD
audit: type=1334 audit(1639864328.301:133): prog-id=83 op=LOAD
audit: type=1130 audit(1639864328.315:134): pid=1 uid=0 auid=4294967295 ses=4294967295 subj=kernel msg='unit=systemd-tmpfiles-setup comm="systemd" exe="/nix/store/q0881awy50g4srnnwasci37y2jk5sf99-systemd-249.5/lib/systemd/systemd" hostname=? addr=? terminal=? res=success'
audit: type=1334 audit(1639864328.318:135): prog-id=84 op=LOAD
audit: type=1334 audit(1639864328.318:136): prog-id=85 op=LOAD
audit: type=1334 audit(1639864328.318:137): prog-id=86 op=LOAD
bnxt_en 0000:c4:00.0 swissknife0: renamed from eth2
audit: type=1334 audit(1639864328.320:138): prog-id=87 op=LOAD
audit: type=1334 audit(1639864328.321:139): prog-id=88 op=LOAD
audit: type=1334 audit(1639864328.321:140): prog-id=89 op=LOAD
bnxt_en 0000:c4:00.1 swissknife1: renamed from eth4
tg3 0000:c1:00.1 eno8403: renamed from eth5
NET: Registered protocol family 17
bnxt_en 0000:c4:00.1 swissknife1: NIC Link is Up, 10000 Mbps full duplex, Flow control: ON - receive
bnxt_en 0000:c4:00.1 swissknife1: EEE is active
bnxt_en 0000:c4:00.1 swissknife1: FEC autoneg off encoding: None
bnxt_en 0000:02:00.0 enp2s0f0np0: NIC Link is Up, 10000 Mbps full duplex, Flow control: ON - receive & transmit
bnxt_en 0000:02:00.0 enp2s0f0np0: FEC autoneg off encoding: None
bnxt_en 0000:c4:00.0 swissknife0: NIC Link is Up, 10000 Mbps full duplex, Flow control: ON - receive
bnxt_en 0000:c4:00.0 swissknife0: EEE is active
bnxt_en 0000:c4:00.0 swissknife0: FEC autoneg off encoding: None
Bridge firewalling registered
Initializing XFRM netlink socket
EXT4-fs (dm-6): mounted filesystem with ordered data mode. Opts: (null)
raid6: avx2x4   gen() 29567 MB/s
raid6: avx2x4   xor()  4603 MB/s
raid6: avx2x2   gen() 31564 MB/s
raid6: avx2x2   xor() 32438 MB/s
raid6: avx2x1   gen() 27880 MB/s
raid6: avx2x1   xor() 29282 MB/s
raid6: sse2x4   gen() 20854 MB/s
raid6: sse2x4   xor()  2756 MB/s
raid6: sse2x2   gen() 17661 MB/s
raid6: sse2x2   xor() 15738 MB/s
raid6: sse2x1   gen()  1160 MB/s
raid6: sse2x1   xor() 15210 MB/s
raid6: using algorithm avx2x2 gen() 31564 MB/s
raid6: .... xor() 32438 MB/s, rmw enabled
raid6: using avx2x2 recovery algorithm
xor: automatically using best checksumming function   avx       
Btrfs loaded, crc32c=crc32c-intel
BTRFS: device fsid 70907227-45aa-4d05-a4c8-9aac48b2d6bc devid 1 transid 5 /dev/dm-8 scanned by systemd-udevd (21267)
BTRFS info (device dm-8): flagging fs with big metadata feature
BTRFS info (device dm-8): disk space caching is enabled
BTRFS info (device dm-8): has skinny extents
BTRFS info (device dm-8): enabling ssd optimizations
NET: Registered protocol family 38
Bluetooth: Core ver 2.22
NET: Registered protocol family 31
Bluetooth: HCI device and connection manager initialized
Bluetooth: HCI socket layer initialized
Bluetooth: L2CAP socket layer initialized
Bluetooth: SCO socket layer initialized
INFO: task sshd:121475 blocked for more than 122 seconds.
      Tainted: P           O      5.10.81 #1-NixOS
"echo 0 > /proc/sys/kernel/hung_task_timeout_secs" disables this message.
task:sshd            state:D stack:    0 pid:121475 ppid:121464 flags:0x00000000
Call Trace:
 __schedule+0x217/0x830
 schedule+0x46/0xb0
 schedule_preempt_disabled+0xa/0x10
 __mutex_lock.constprop.0+0x146/0x4e0
 pipe_write+0x45/0x6a0
 ? sock_read_iter+0x92/0xf0
 new_sync_write+0x199/0x1b0
 vfs_write+0x1bc/0x270
 ksys_write+0xa7/0xe0
 ? __x64_sys_rt_sigprocmask+0x8f/0xd0
 do_syscall_64+0x33/0x40
 entry_SYSCALL_64_after_hwframe+0x44/0xa9
RIP: 0033:0x7f5f4a6c4343
RSP: 002b:00007ffc1aca0dd8 EFLAGS: 00000246 ORIG_RAX: 0000000000000001
RAX: ffffffffffffffda RBX: 0000558104b19b40 RCX: 00007f5f4a6c4343
RDX: 0000000000008000 RSI: 0000558104b5caa0 RDI: 0000000000000009
RBP: 0000558104b1bd40 R08: 0000000000000000 R09: 0000000000000000
R10: 00007ffc1ad02080 R11: 0000000000000246 R12: 0000558104b42dc0
R13: 0000558104b1c790 R14: 0000558104b5caa0 R15: 0000000000008000
INFO: task sshd:121475 blocked for more than 245 seconds.
      Tainted: P           O      5.10.81 #1-NixOS
"echo 0 > /proc/sys/kernel/hung_task_timeout_secs" disables this message.
task:sshd            state:D stack:    0 pid:121475 ppid:121464 flags:0x00000000
Call Trace:
 __schedule+0x217/0x830
 schedule+0x46/0xb0
 schedule_preempt_disabled+0xa/0x10
 __mutex_lock.constprop.0+0x146/0x4e0
 pipe_write+0x45/0x6a0
 ? sock_read_iter+0x92/0xf0
 new_sync_write+0x199/0x1b0
 vfs_write+0x1bc/0x270
 ksys_write+0xa7/0xe0
 ? __x64_sys_rt_sigprocmask+0x8f/0xd0
 do_syscall_64+0x33/0x40
 entry_SYSCALL_64_after_hwframe+0x44/0xa9
RIP: 0033:0x7f5f4a6c4343
RSP: 002b:00007ffc1aca0dd8 EFLAGS: 00000246 ORIG_RAX: 0000000000000001
RAX: ffffffffffffffda RBX: 0000558104b19b40 RCX: 00007f5f4a6c4343
RDX: 0000000000008000 RSI: 0000558104b5caa0 RDI: 0000000000000009
RBP: 0000558104b1bd40 R08: 0000000000000000 R09: 0000000000000000
R10: 00007ffc1ad02080 R11: 0000000000000246 R12: 0000558104b42dc0
R13: 0000558104b1c790 R14: 0000558104b5caa0 R15: 0000000000008000
INFO: task sshd:121475 blocked for more than 368 seconds.
      Tainted: P           O      5.10.81 #1-NixOS
"echo 0 > /proc/sys/kernel/hung_task_timeout_secs" disables this message.
task:sshd            state:D stack:    0 pid:121475 ppid:121464 flags:0x00000000
Call Trace:
 __schedule+0x217/0x830
 schedule+0x46/0xb0
 schedule_preempt_disabled+0xa/0x10
 __mutex_lock.constprop.0+0x146/0x4e0
 pipe_write+0x45/0x6a0
 ? sock_read_iter+0x92/0xf0
 new_sync_write+0x199/0x1b0
 vfs_write+0x1bc/0x270
 ksys_write+0xa7/0xe0
 ? __x64_sys_rt_sigprocmask+0x8f/0xd0
 do_syscall_64+0x33/0x40
 entry_SYSCALL_64_after_hwframe+0x44/0xa9
RIP: 0033:0x7f5f4a6c4343
RSP: 002b:00007ffc1aca0dd8 EFLAGS: 00000246 ORIG_RAX: 0000000000000001
RAX: ffffffffffffffda RBX: 0000558104b19b40 RCX: 00007f5f4a6c4343
RDX: 0000000000008000 RSI: 0000558104b5caa0 RDI: 0000000000000009
RBP: 0000558104b1bd40 R08: 0000000000000000 R09: 0000000000000000
R10: 00007ffc1ad02080 R11: 0000000000000246 R12: 0000558104b42dc0
R13: 0000558104b1c790 R14: 0000558104b5caa0 R15: 0000000000008000
INFO: task sshd:121475 blocked for more than 491 seconds.
      Tainted: P           O      5.10.81 #1-NixOS
"echo 0 > /proc/sys/kernel/hung_task_timeout_secs" disables this message.
task:sshd            state:D stack:    0 pid:121475 ppid:121464 flags:0x00000000
Call Trace:
 __schedule+0x217/0x830
 schedule+0x46/0xb0
 schedule_preempt_disabled+0xa/0x10
 __mutex_lock.constprop.0+0x146/0x4e0
 pipe_write+0x45/0x6a0
 ? sock_read_iter+0x92/0xf0
 new_sync_write+0x199/0x1b0
 vfs_write+0x1bc/0x270
 ksys_write+0xa7/0xe0
 ? __x64_sys_rt_sigprocmask+0x8f/0xd0
 do_syscall_64+0x33/0x40
 entry_SYSCALL_64_after_hwframe+0x44/0xa9
RIP: 0033:0x7f5f4a6c4343
RSP: 002b:00007ffc1aca0dd8 EFLAGS: 00000246 ORIG_RAX: 0000000000000001
RAX: ffffffffffffffda RBX: 0000558104b19b40 RCX: 00007f5f4a6c4343
RDX: 0000000000008000 RSI: 0000558104b5caa0 RDI: 0000000000000009
RBP: 0000558104b1bd40 R08: 0000000000000000 R09: 0000000000000000
R10: 00007ffc1ad02080 R11: 0000000000000246 R12: 0000558104b42dc0
R13: 0000558104b1c790 R14: 0000558104b5caa0 R15: 0000000000008000
INFO: task sshd:121475 blocked for more than 614 seconds.
      Tainted: P           O      5.10.81 #1-NixOS
"echo 0 > /proc/sys/kernel/hung_task_timeout_secs" disables this message.
task:sshd            state:D stack:    0 pid:121475 ppid:121464 flags:0x00000000
Call Trace:
 __schedule+0x217/0x830
 schedule+0x46/0xb0
 schedule_preempt_disabled+0xa/0x10
 __mutex_lock.constprop.0+0x146/0x4e0
 pipe_write+0x45/0x6a0
 ? sock_read_iter+0x92/0xf0
 new_sync_write+0x199/0x1b0
 vfs_write+0x1bc/0x270
 ksys_write+0xa7/0xe0
 ? __x64_sys_rt_sigprocmask+0x8f/0xd0
 do_syscall_64+0x33/0x40
 entry_SYSCALL_64_after_hwframe+0x44/0xa9
RIP: 0033:0x7f5f4a6c4343
RSP: 002b:00007ffc1aca0dd8 EFLAGS: 00000246 ORIG_RAX: 0000000000000001
RAX: ffffffffffffffda RBX: 0000558104b19b40 RCX: 00007f5f4a6c4343
RDX: 0000000000008000 RSI: 0000558104b5caa0 RDI: 0000000000000009
RBP: 0000558104b1bd40 R08: 0000000000000000 R09: 0000000000000000
R10: 00007ffc1ad02080 R11: 0000000000000246 R12: 0000558104b42dc0
R13: 0000558104b1c790 R14: 0000558104b5caa0 R15: 0000000000008000
INFO: task sshd:121475 blocked for more than 737 seconds.
      Tainted: P           O      5.10.81 #1-NixOS
"echo 0 > /proc/sys/kernel/hung_task_timeout_secs" disables this message.
task:sshd            state:D stack:    0 pid:121475 ppid:121464 flags:0x00000000
Call Trace:
 __schedule+0x217/0x830
 schedule+0x46/0xb0
 schedule_preempt_disabled+0xa/0x10
 __mutex_lock.constprop.0+0x146/0x4e0
 pipe_write+0x45/0x6a0
 ? sock_read_iter+0x92/0xf0
 new_sync_write+0x199/0x1b0
 vfs_write+0x1bc/0x270
 ksys_write+0xa7/0xe0
 ? __x64_sys_rt_sigprocmask+0x8f/0xd0
 do_syscall_64+0x33/0x40
 entry_SYSCALL_64_after_hwframe+0x44/0xa9
RIP: 0033:0x7f5f4a6c4343
RSP: 002b:00007ffc1aca0dd8 EFLAGS: 00000246 ORIG_RAX: 0000000000000001
RAX: ffffffffffffffda RBX: 0000558104b19b40 RCX: 00007f5f4a6c4343
RDX: 0000000000008000 RSI: 0000558104b5caa0 RDI: 0000000000000009
RBP: 0000558104b1bd40 R08: 0000000000000000 R09: 0000000000000000
R10: 00007ffc1ad02080 R11: 0000000000000246 R12: 0000558104b42dc0
R13: 0000558104b1c790 R14: 0000558104b5caa0 R15: 0000000000008000
INFO: task sshd:121475 blocked for more than 860 seconds.
      Tainted: P           O      5.10.81 #1-NixOS
"echo 0 > /proc/sys/kernel/hung_task_timeout_secs" disables this message.
task:sshd            state:D stack:    0 pid:121475 ppid:121464 flags:0x00000000
Call Trace:
 __schedule+0x217/0x830
 schedule+0x46/0xb0
 schedule_preempt_disabled+0xa/0x10
 __mutex_lock.constprop.0+0x146/0x4e0
 pipe_write+0x45/0x6a0
 ? sock_read_iter+0x92/0xf0
 new_sync_write+0x199/0x1b0
 vfs_write+0x1bc/0x270
 ksys_write+0xa7/0xe0
 ? __x64_sys_rt_sigprocmask+0x8f/0xd0
 do_syscall_64+0x33/0x40
 entry_SYSCALL_64_after_hwframe+0x44/0xa9
RIP: 0033:0x7f5f4a6c4343
RSP: 002b:00007ffc1aca0dd8 EFLAGS: 00000246 ORIG_RAX: 0000000000000001
RAX: ffffffffffffffda RBX: 0000558104b19b40 RCX: 00007f5f4a6c4343
RDX: 0000000000008000 RSI: 0000558104b5caa0 RDI: 0000000000000009
RBP: 0000558104b1bd40 R08: 0000000000000000 R09: 0000000000000000
R10: 00007ffc1ad02080 R11: 0000000000000246 R12: 0000558104b42dc0
R13: 0000558104b1c790 R14: 0000558104b5caa0 R15: 0000000000008000
INFO: task sshd:121475 blocked for more than 983 seconds.
      Tainted: P           O      5.10.81 #1-NixOS
"echo 0 > /proc/sys/kernel/hung_task_timeout_secs" disables this message.
task:sshd            state:D stack:    0 pid:121475 ppid:121464 flags:0x00000000
Call Trace:
 __schedule+0x217/0x830
 schedule+0x46/0xb0
 schedule_preempt_disabled+0xa/0x10
 __mutex_lock.constprop.0+0x146/0x4e0
 pipe_write+0x45/0x6a0
 ? sock_read_iter+0x92/0xf0
 new_sync_write+0x199/0x1b0
 vfs_write+0x1bc/0x270
 ksys_write+0xa7/0xe0
 ? __x64_sys_rt_sigprocmask+0x8f/0xd0
 do_syscall_64+0x33/0x40
 entry_SYSCALL_64_after_hwframe+0x44/0xa9
RIP: 0033:0x7f5f4a6c4343
RSP: 002b:00007ffc1aca0dd8 EFLAGS: 00000246 ORIG_RAX: 0000000000000001
RAX: ffffffffffffffda RBX: 0000558104b19b40 RCX: 00007f5f4a6c4343
RDX: 0000000000008000 RSI: 0000558104b5caa0 RDI: 0000000000000009
RBP: 0000558104b1bd40 R08: 0000000000000000 R09: 0000000000000000
R10: 00007ffc1ad02080 R11: 0000000000000246 R12: 0000558104b42dc0
R13: 0000558104b1c790 R14: 0000558104b5caa0 R15: 0000000000008000
INFO: task sshd:121475 blocked for more than 1105 seconds.
      Tainted: P           O      5.10.81 #1-NixOS
"echo 0 > /proc/sys/kernel/hung_task_timeout_secs" disables this message.
task:sshd            state:D stack:    0 pid:121475 ppid:121464 flags:0x00000000
Call Trace:
 __schedule+0x217/0x830
 schedule+0x46/0xb0
 schedule_preempt_disabled+0xa/0x10
 __mutex_lock.constprop.0+0x146/0x4e0
 pipe_write+0x45/0x6a0
 ? sock_read_iter+0x92/0xf0
 new_sync_write+0x199/0x1b0
 vfs_write+0x1bc/0x270
 ksys_write+0xa7/0xe0
 ? __x64_sys_rt_sigprocmask+0x8f/0xd0
 do_syscall_64+0x33/0x40
 entry_SYSCALL_64_after_hwframe+0x44/0xa9
RIP: 0033:0x7f5f4a6c4343
RSP: 002b:00007ffc1aca0dd8 EFLAGS: 00000246 ORIG_RAX: 0000000000000001
RAX: ffffffffffffffda RBX: 0000558104b19b40 RCX: 00007f5f4a6c4343
